\BOOKMARK [0][-]{chapter.1}{\376\377\0001\000\040\000L\000i\000s\000t\000a\000\040\000d\000e\000\040\000o\000b\000s\000o\000l\000e\000t\000o\000s\000\040}{}% 1
\BOOKMARK [0][-]{chapter.2}{\376\377\0002\000\040\000T\000o\000p\000i\000c\000\040\000I\000n\000d\000e\000x}{}% 2
\BOOKMARK [1][-]{section.2.1}{\376\377\0002\000.\0001\000\040\000T\000o\000p\000i\000c\000s}{chapter.2}% 3
\BOOKMARK [0][-]{chapter.3}{\376\377\0003\000\040\000J\000e\000r\000a\000r\000q\000u\000\355\000a\000\040\000d\000e\000\040\000d\000i\000r\000e\000c\000t\000o\000r\000i\000o\000s}{}% 4
\BOOKMARK [1][-]{section.3.1}{\376\377\0003\000.\0001\000\040\000D\000i\000r\000e\000c\000t\000o\000r\000i\000o\000s}{chapter.3}% 5
\BOOKMARK [0][-]{chapter.4}{\376\377\0004\000\040\000\315\000n\000d\000i\000c\000e\000\040\000d\000e\000\040\000e\000s\000t\000r\000u\000c\000t\000u\000r\000a\000s\000\040\000d\000e\000\040\000d\000a\000t\000o\000s}{}% 6
\BOOKMARK [1][-]{section.4.1}{\376\377\0004\000.\0001\000\040\000E\000s\000t\000r\000u\000c\000t\000u\000r\000a\000s\000\040\000d\000e\000\040\000d\000a\000t\000o\000s}{chapter.4}% 7
\BOOKMARK [0][-]{chapter.5}{\376\377\0005\000\040\000\315\000n\000d\000i\000c\000e\000\040\000d\000e\000\040\000a\000r\000c\000h\000i\000v\000o\000s}{}% 8
\BOOKMARK [1][-]{section.5.1}{\376\377\0005\000.\0001\000\040\000L\000i\000s\000t\000a\000\040\000d\000e\000\040\000a\000r\000c\000h\000i\000v\000o\000s}{chapter.5}% 9
\BOOKMARK [0][-]{chapter.6}{\376\377\0006\000\040\000T\000o\000p\000i\000c\000\040\000D\000o\000c\000u\000m\000e\000n\000t\000a\000t\000i\000o\000n}{}% 10
\BOOKMARK [1][-]{section.6.1}{\376\377\0006\000.\0001\000\040\000E\000s\000t\000a\000d\000o\000s\000\040\000d\000e\000\040\000a\000c\000t\000u\000a\000l\000i\000z\000a\000c\000i\000\363\000n\000\040\000O\000T\000A\000\040}{chapter.6}% 11
\BOOKMARK [2][-]{subsection.6.1.1}{\376\377\0006\000.\0001\000.\0001\000\040\000D\000e\000s\000c\000r\000i\000p\000c\000i\000\363\000n\000\040\000d\000e\000t\000a\000l\000l\000a\000d\000a}{section.6.1}% 12
\BOOKMARK [2][-]{subsection.6.1.2}{\376\377\0006\000.\0001\000.\0002\000\040\000D\000o\000c\000u\000m\000e\000n\000t\000a\000c\000i\000\363\000n\000\040\000d\000e\000\040\000\253\000d\000e\000f\000i\000n\000e\000\273}{section.6.1}% 13
\BOOKMARK [3][-]{subsubsection.6.1.2.1}{\376\377\0006\000.\0001\000.\0002\000.\0001\000\040\000O\000T\000A\000\137\000U\000P\000D\000A\000T\000E\000\137\000F\000A\000I\000L\000E\000D}{subsection.6.1.2}% 14
\BOOKMARK [3][-]{subsubsection.6.1.2.2}{\376\377\0006\000.\0001\000.\0002\000.\0002\000\040\000O\000T\000A\000\137\000U\000P\000D\000A\000T\000E\000\137\000P\000E\000N\000D\000I\000N\000G}{subsection.6.1.2}% 15
\BOOKMARK [3][-]{subsubsection.6.1.2.3}{\376\377\0006\000.\0001\000.\0002\000.\0003\000\040\000O\000T\000A\000\137\000U\000P\000D\000A\000T\000E\000\137\000S\000U\000C\000C\000E\000S\000S\000F\000U\000L}{subsection.6.1.2}% 16
\BOOKMARK [1][-]{section.6.2}{\376\377\0006\000.\0002\000\040\000A\000r\000c\000h\000i\000v\000o\000s\000\040\000e\000m\000b\000e\000b\000i\000d\000o\000s\000\040\000e\000n\000\040\000e\000l\000\040\000f\000i\000r\000m\000w\000a\000r\000e\000\040}{chapter.6}% 17
\BOOKMARK [2][-]{subsection.6.2.1}{\376\377\0006\000.\0002\000.\0001\000\040\000D\000e\000s\000c\000r\000i\000p\000c\000i\000\363\000n\000\040\000d\000e\000t\000a\000l\000l\000a\000d\000a}{section.6.2}% 18
\BOOKMARK [2][-]{subsection.6.2.2}{\376\377\0006\000.\0002\000.\0002\000\040\000D\000o\000c\000u\000m\000e\000n\000t\000a\000c\000i\000\363\000n\000\040\000d\000e\000\040\000f\000u\000n\000c\000i\000o\000n\000e\000s}{section.6.2}% 19
\BOOKMARK [3][-]{subsubsection.6.2.2.1}{\376\377\0006\000.\0002\000.\0002\000.\0001\000\040\000a\000s\000m\000\050\000\051\000\040\000[\0001\000/\0001\0000\000]}{subsection.6.2.2}% 20
\BOOKMARK [3][-]{subsubsection.6.2.2.2}{\376\377\0006\000.\0002\000.\0002\000.\0002\000\040\000a\000s\000m\000\050\000\051\000\040\000[\0002\000/\0001\0000\000]}{subsection.6.2.2}% 21
\BOOKMARK [3][-]{subsubsection.6.2.2.3}{\376\377\0006\000.\0002\000.\0002\000.\0003\000\040\000a\000s\000m\000\050\000\051\000\040\000[\0003\000/\0001\0000\000]}{subsection.6.2.2}% 22
\BOOKMARK [3][-]{subsubsection.6.2.2.4}{\376\377\0006\000.\0002\000.\0002\000.\0004\000\040\000a\000s\000m\000\050\000\051\000\040\000[\0004\000/\0001\0000\000]}{subsection.6.2.2}% 23
\BOOKMARK [3][-]{subsubsection.6.2.2.5}{\376\377\0006\000.\0002\000.\0002\000.\0005\000\040\000a\000s\000m\000\050\000\051\000\040\000[\0005\000/\0001\0000\000]}{subsection.6.2.2}% 24
\BOOKMARK [3][-]{subsubsection.6.2.2.6}{\376\377\0006\000.\0002\000.\0002\000.\0006\000\040\000a\000s\000m\000\050\000\051\000\040\000[\0006\000/\0001\0000\000]}{subsection.6.2.2}% 25
\BOOKMARK [3][-]{subsubsection.6.2.2.7}{\376\377\0006\000.\0002\000.\0002\000.\0007\000\040\000a\000s\000m\000\050\000\051\000\040\000[\0007\000/\0001\0000\000]}{subsection.6.2.2}% 26
\BOOKMARK [3][-]{subsubsection.6.2.2.8}{\376\377\0006\000.\0002\000.\0002\000.\0008\000\040\000a\000s\000m\000\050\000\051\000\040\000[\0008\000/\0001\0000\000]}{subsection.6.2.2}% 27
\BOOKMARK [3][-]{subsubsection.6.2.2.9}{\376\377\0006\000.\0002\000.\0002\000.\0009\000\040\000a\000s\000m\000\050\000\051\000\040\000[\0009\000/\0001\0000\000]}{subsection.6.2.2}% 28
\BOOKMARK [3][-]{subsubsection.6.2.2.10}{\376\377\0006\000.\0002\000.\0002\000.\0001\0000\000\040\000a\000s\000m\000\050\000\051\000\040\000[\0001\0000\000/\0001\0000\000]}{subsection.6.2.2}% 29
\BOOKMARK [1][-]{section.6.3}{\376\377\0006\000.\0003\000\040\000C\000o\000n\000f\000i\000g\000u\000r\000a\000c\000i\000\363\000n\000\040\000d\000e\000l\000\040\000A\000c\000c\000e\000s\000s\000\040\000P\000o\000i\000n\000t\000\040}{chapter.6}% 30
\BOOKMARK [2][-]{subsection.6.3.1}{\376\377\0006\000.\0003\000.\0001\000\040\000D\000e\000s\000c\000r\000i\000p\000c\000i\000\363\000n\000\040\000d\000e\000t\000a\000l\000l\000a\000d\000a}{section.6.3}% 31
\BOOKMARK [2][-]{subsection.6.3.2}{\376\377\0006\000.\0003\000.\0002\000\040\000D\000o\000c\000u\000m\000e\000n\000t\000a\000c\000i\000\363\000n\000\040\000d\000e\000\040\000\253\000d\000e\000f\000i\000n\000e\000\273}{section.6.3}% 32
\BOOKMARK [3][-]{subsubsection.6.3.2.1}{\376\377\0006\000.\0003\000.\0002\000.\0001\000\040\000M\000A\000X\000\137\000C\000O\000N\000N\000E\000C\000T\000I\000O\000N\000\137\000R\000E\000T\000R\000I\000E\000S}{subsection.6.3.2}% 33
\BOOKMARK [3][-]{subsubsection.6.3.2.2}{\376\377\0006\000.\0003\000.\0002\000.\0002\000\040\000M\000A\000X\000\137\000P\000A\000S\000S\000W\000O\000R\000D\000\137\000L\000E\000N\000G\000T\000H}{subsection.6.3.2}% 34
\BOOKMARK [3][-]{subsubsection.6.3.2.3}{\376\377\0006\000.\0003\000.\0002\000.\0003\000\040\000M\000A\000X\000\137\000S\000S\000I\000D\000\137\000L\000E\000N\000G\000T\000H}{subsection.6.3.2}% 35
\BOOKMARK [3][-]{subsubsection.6.3.2.4}{\376\377\0006\000.\0003\000.\0002\000.\0004\000\040\000W\000I\000F\000I\000\137\000A\000P\000\137\000B\000A\000N\000D\000W\000I\000D\000T\000H}{subsection.6.3.2}% 36
\BOOKMARK [3][-]{subsubsection.6.3.2.5}{\376\377\0006\000.\0003\000.\0002\000.\0005\000\040\000W\000I\000F\000I\000\137\000A\000P\000\137\000B\000E\000A\000C\000O\000N\000\137\000I\000N\000T\000E\000R\000V\000A\000L}{subsection.6.3.2}% 37
\BOOKMARK [3][-]{subsubsection.6.3.2.6}{\376\377\0006\000.\0003\000.\0002\000.\0006\000\040\000W\000I\000F\000I\000\137\000A\000P\000\137\000C\000H\000A\000N\000N\000E\000L}{subsection.6.3.2}% 38
\BOOKMARK [3][-]{subsubsection.6.3.2.7}{\376\377\0006\000.\0003\000.\0002\000.\0007\000\040\000W\000I\000F\000I\000\137\000A\000P\000\137\000G\000A\000T\000E\000W\000A\000Y}{subsection.6.3.2}% 39
\BOOKMARK [3][-]{subsubsection.6.3.2.8}{\376\377\0006\000.\0003\000.\0002\000.\0008\000\040\000W\000I\000F\000I\000\137\000A\000P\000\137\000I\000P}{subsection.6.3.2}% 40
\BOOKMARK [3][-]{subsubsection.6.3.2.9}{\376\377\0006\000.\0003\000.\0002\000.\0009\000\040\000W\000I\000F\000I\000\137\000A\000P\000\137\000M\000A\000X\000\137\000C\000O\000N\000N\000E\000C\000T\000I\000O\000N\000S}{subsection.6.3.2}% 41
\BOOKMARK [3][-]{subsubsection.6.3.2.10}{\376\377\0006\000.\0003\000.\0002\000.\0001\0000\000\040\000W\000I\000F\000I\000\137\000A\000P\000\137\000N\000E\000T\000M\000A\000S\000K}{subsection.6.3.2}% 42
\BOOKMARK [3][-]{subsubsection.6.3.2.11}{\376\377\0006\000.\0003\000.\0002\000.\0001\0001\000\040\000W\000I\000F\000I\000\137\000A\000P\000\137\000P\000A\000S\000S\000W\000O\000R\000D}{subsection.6.3.2}% 43
\BOOKMARK [3][-]{subsubsection.6.3.2.12}{\376\377\0006\000.\0003\000.\0002\000.\0001\0002\000\040\000W\000I\000F\000I\000\137\000A\000P\000\137\000S\000S\000I\000D}{subsection.6.3.2}% 44
\BOOKMARK [3][-]{subsubsection.6.3.2.13}{\376\377\0006\000.\0003\000.\0002\000.\0001\0003\000\040\000W\000I\000F\000I\000\137\000A\000P\000\137\000S\000S\000I\000D\000\137\000H\000I\000D\000D\000E\000N}{subsection.6.3.2}% 45
\BOOKMARK [3][-]{subsubsection.6.3.2.14}{\376\377\0006\000.\0003\000.\0002\000.\0001\0004\000\040\000W\000I\000F\000I\000\137\000S\000T\000A\000\137\000P\000O\000W\000E\000R\000\137\000S\000A\000V\000E}{subsection.6.3.2}% 46
\BOOKMARK [1][-]{section.6.4}{\376\377\0006\000.\0004\000\040\000C\000o\000n\000f\000i\000g\000u\000r\000a\000c\000i\000\363\000n\000\040\000d\000e\000l\000\040\000S\000e\000n\000s\000o\000r\000\040\000N\000T\000C\000\040}{chapter.6}% 47
\BOOKMARK [2][-]{subsection.6.4.1}{\376\377\0006\000.\0004\000.\0001\000\040\000D\000e\000s\000c\000r\000i\000p\000c\000i\000\363\000n\000\040\000d\000e\000t\000a\000l\000l\000a\000d\000a}{section.6.4}% 48
\BOOKMARK [2][-]{subsection.6.4.2}{\376\377\0006\000.\0004\000.\0002\000\040\000D\000o\000c\000u\000m\000e\000n\000t\000a\000c\000i\000\363\000n\000\040\000d\000e\000\040\000\253\000d\000e\000f\000i\000n\000e\000\273}{section.6.4}% 49
\BOOKMARK [3][-]{subsubsection.6.4.2.1}{\376\377\0006\000.\0004\000.\0002\000.\0001\000\040\000C\000A\000N\000A\000L\000\137\000A\000D\000C\000\137\000N\000T\000C}{subsection.6.4.2}% 50
\BOOKMARK [3][-]{subsubsection.6.4.2.2}{\376\377\0006\000.\0004\000.\0002\000.\0002\000\040\000C\000O\000E\000F\000I\000C\000I\000E\000N\000T\000E\000\137\000B\000E\000T\000A\000\137\000N\000T\000C}{subsection.6.4.2}% 51
\BOOKMARK [3][-]{subsubsection.6.4.2.3}{\376\377\0006\000.\0004\000.\0002\000.\0003\000\040\000R\000E\000S\000I\000S\000T\000E\000N\000C\000I\000A\000\137\000D\000I\000V\000I\000S\000O\000R}{subsection.6.4.2}% 52
\BOOKMARK [3][-]{subsubsection.6.4.2.4}{\376\377\0006\000.\0004\000.\0002\000.\0004\000\040\000R\000E\000S\000I\000S\000T\000E\000N\000C\000I\000A\000\137\000N\000O\000M\000I\000N\000A\000L\000\137\000N\000T\000C}{subsection.6.4.2}% 53
\BOOKMARK [3][-]{subsubsection.6.4.2.5}{\376\377\0006\000.\0004\000.\0002\000.\0005\000\040\000T\000E\000M\000P\000\137\000N\000O\000M\000I\000N\000A\000L\000\137\000N\000T\000C}{subsection.6.4.2}% 54
\BOOKMARK [3][-]{subsubsection.6.4.2.6}{\376\377\0006\000.\0004\000.\0002\000.\0006\000\040\000V\000O\000L\000T\000A\000J\000E\000\137\000R\000E\000F\000E\000R\000E\000N\000C\000I\000A\000\137\000M\000V}{subsection.6.4.2}% 55
\BOOKMARK [0][-]{chapter.7}{\376\377\0007\000\040\000D\000o\000c\000u\000m\000e\000n\000t\000a\000c\000i\000\363\000n\000\040\000d\000e\000\040\000d\000i\000r\000e\000c\000t\000o\000r\000i\000o\000s}{}% 56
\BOOKMARK [1][-]{section.7.1}{\376\377\0007\000.\0001\000\040\000R\000e\000f\000e\000r\000e\000n\000c\000i\000a\000\040\000d\000e\000l\000\040\000d\000i\000r\000e\000c\000t\000o\000r\000i\000o\000\040\000w\000e\000b\000p\000a\000g\000e}{chapter.7}% 57
\BOOKMARK [0][-]{chapter.8}{\376\377\0008\000\040\000D\000o\000c\000u\000m\000e\000n\000t\000a\000c\000i\000\363\000n\000\040\000d\000e\000\040\000e\000s\000t\000r\000u\000c\000t\000u\000r\000a\000s\000\040\000d\000e\000\040\000d\000a\000t\000o\000s}{}% 58
\BOOKMARK [1][-]{section.8.1}{\376\377\0008\000.\0001\000\040\000R\000e\000f\000e\000r\000e\000n\000c\000i\000a\000\040\000d\000e\000\040\000l\000a\000\040\000e\000s\000t\000r\000u\000c\000t\000u\000r\000a\000\040\000h\000t\000t\000p\000\137\000s\000e\000r\000v\000e\000r\000\137\000q\000u\000e\000u\000e\000\137\000m\000e\000s\000s\000a\000g\000e}{chapter.8}% 59
\BOOKMARK [2][-]{subsection.8.1.1}{\376\377\0008\000.\0001\000.\0001\000\040\000D\000e\000s\000c\000r\000i\000p\000c\000i\000\363\000n\000\040\000d\000e\000t\000a\000l\000l\000a\000d\000a}{section.8.1}% 60
\BOOKMARK [2][-]{subsection.8.1.2}{\376\377\0008\000.\0001\000.\0002\000\040\000D\000o\000c\000u\000m\000e\000n\000t\000a\000c\000i\000\363\000n\000\040\000d\000e\000\040\000c\000a\000m\000p\000o\000s}{section.8.1}% 61
\BOOKMARK [3][-]{subsubsection.8.1.2.1}{\376\377\0008\000.\0001\000.\0002\000.\0001\000\040\000m\000s\000g\000I\000D}{subsection.8.1.2}% 62
\BOOKMARK [1][-]{section.8.2}{\376\377\0008\000.\0002\000\040\000R\000e\000f\000e\000r\000e\000n\000c\000i\000a\000\040\000d\000e\000\040\000l\000a\000\040\000e\000s\000t\000r\000u\000c\000t\000u\000r\000a\000\040\000h\000t\000t\000p\000\137\000s\000e\000r\000v\000e\000r\000\137\000q\000u\000e\000u\000e\000\137\000m\000e\000s\000s\000a\000g\000e\000\137\000t}{chapter.8}% 63
\BOOKMARK [2][-]{subsection.8.2.1}{\376\377\0008\000.\0002\000.\0001\000\040\000D\000e\000s\000c\000r\000i\000p\000c\000i\000\363\000n\000\040\000d\000e\000t\000a\000l\000l\000a\000d\000a}{section.8.2}% 64
\BOOKMARK [1][-]{section.8.3}{\376\377\0008\000.\0003\000\040\000R\000e\000f\000e\000r\000e\000n\000c\000i\000a\000\040\000d\000e\000\040\000l\000a\000\040\000e\000s\000t\000r\000u\000c\000t\000u\000r\000a\000\040\000p\000i\000r\000\137\000e\000v\000e\000n\000t\000\137\000t}{chapter.8}% 65
\BOOKMARK [2][-]{subsection.8.3.1}{\376\377\0008\000.\0003\000.\0001\000\040\000D\000e\000s\000c\000r\000i\000p\000c\000i\000\363\000n\000\040\000d\000e\000t\000a\000l\000l\000a\000d\000a}{section.8.3}% 66
\BOOKMARK [2][-]{subsection.8.3.2}{\376\377\0008\000.\0003\000.\0002\000\040\000D\000o\000c\000u\000m\000e\000n\000t\000a\000c\000i\000\363\000n\000\040\000d\000e\000\040\000c\000a\000m\000p\000o\000s}{section.8.3}% 67
\BOOKMARK [3][-]{subsubsection.8.3.2.1}{\376\377\0008\000.\0003\000.\0002\000.\0001\000\040\000m\000o\000t\000i\000o\000n}{subsection.8.3.2}% 68
\BOOKMARK [1][-]{section.8.4}{\376\377\0008\000.\0004\000\040\000R\000e\000f\000e\000r\000e\000n\000c\000i\000a\000\040\000d\000e\000\040\000l\000a\000\040\000e\000s\000t\000r\000u\000c\000t\000u\000r\000a\000\040\000r\000e\000g\000\137\000t}{chapter.8}% 69
\BOOKMARK [2][-]{subsection.8.4.1}{\376\377\0008\000.\0004\000.\0001\000\040\000D\000e\000s\000c\000r\000i\000p\000c\000i\000\363\000n\000\040\000d\000e\000t\000a\000l\000l\000a\000d\000a}{section.8.4}% 70
\BOOKMARK [2][-]{subsection.8.4.2}{\376\377\0008\000.\0004\000.\0002\000\040\000D\000o\000c\000u\000m\000e\000n\000t\000a\000c\000i\000\363\000n\000\040\000d\000e\000\040\000c\000a\000m\000p\000o\000s}{section.8.4}% 71
\BOOKMARK [3][-]{subsubsection.8.4.2.1}{\376\377\0008\000.\0004\000.\0002\000.\0001\000\040\000d\000a\000y\000\137\000c\000o\000u\000n\000t}{subsection.8.4.2}% 72
\BOOKMARK [3][-]{subsubsection.8.4.2.2}{\376\377\0008\000.\0004\000.\0002\000.\0002\000\040\000d\000a\000y\000s}{subsection.8.4.2}% 73
\BOOKMARK [3][-]{subsubsection.8.4.2.3}{\376\377\0008\000.\0004\000.\0002\000.\0003\000\040\000h\000o\000u\000r}{subsection.8.4.2}% 74
\BOOKMARK [3][-]{subsubsection.8.4.2.4}{\376\377\0008\000.\0004\000.\0002\000.\0004\000\040\000m\000i\000n\000u\000t\000e}{subsection.8.4.2}% 75
\BOOKMARK [1][-]{section.8.5}{\376\377\0008\000.\0005\000\040\000R\000e\000f\000e\000r\000e\000n\000c\000i\000a\000\040\000d\000e\000\040\000l\000a\000\040\000e\000s\000t\000r\000u\000c\000t\000u\000r\000a\000\040\000r\000e\000g\000i\000s\000t\000e\000r\000\137\000s\000a\000v\000e\000d}{chapter.8}% 76
\BOOKMARK [2][-]{subsection.8.5.1}{\376\377\0008\000.\0005\000.\0001\000\040\000D\000e\000s\000c\000r\000i\000p\000c\000i\000\363\000n\000\040\000d\000e\000t\000a\000l\000l\000a\000d\000a}{section.8.5}% 77
\BOOKMARK [2][-]{subsection.8.5.2}{\376\377\0008\000.\0005\000.\0002\000\040\000D\000o\000c\000u\000m\000e\000n\000t\000a\000c\000i\000\363\000n\000\040\000d\000e\000\040\000c\000a\000m\000p\000o\000s}{section.8.5}% 78
\BOOKMARK [3][-]{subsubsection.8.5.2.1}{\376\377\0008\000.\0005\000.\0002\000.\0001\000\040\000f\000r\000i\000d\000a\000y}{subsection.8.5.2}% 79
\BOOKMARK [3][-]{subsubsection.8.5.2.2}{\376\377\0008\000.\0005\000.\0002\000.\0002\000\040\000h\000o\000u\000r}{subsection.8.5.2}% 80
\BOOKMARK [3][-]{subsubsection.8.5.2.3}{\376\377\0008\000.\0005\000.\0002\000.\0003\000\040\000m\000i\000n}{subsection.8.5.2}% 81
\BOOKMARK [3][-]{subsubsection.8.5.2.4}{\376\377\0008\000.\0005\000.\0002\000.\0004\000\040\000m\000o\000n\000d\000a\000y}{subsection.8.5.2}% 82
\BOOKMARK [3][-]{subsubsection.8.5.2.5}{\376\377\0008\000.\0005\000.\0002\000.\0005\000\040\000s\000a\000t\000u\000r\000d\000a\000y}{subsection.8.5.2}% 83
\BOOKMARK [3][-]{subsubsection.8.5.2.6}{\376\377\0008\000.\0005\000.\0002\000.\0006\000\040\000s\000u\000n\000d\000a\000y}{subsection.8.5.2}% 84
\BOOKMARK [3][-]{subsubsection.8.5.2.7}{\376\377\0008\000.\0005\000.\0002\000.\0007\000\040\000t\000h\000u\000r\000s\000d\000a\000y}{subsection.8.5.2}% 85
\BOOKMARK [3][-]{subsubsection.8.5.2.8}{\376\377\0008\000.\0005\000.\0002\000.\0008\000\040\000t\000u\000e\000s\000d\000a\000y}{subsection.8.5.2}% 86
\BOOKMARK [3][-]{subsubsection.8.5.2.9}{\376\377\0008\000.\0005\000.\0002\000.\0009\000\040\000w\000e\000d\000n\000e\000s\000d\000a\000y}{subsection.8.5.2}% 87
\BOOKMARK [1][-]{section.8.6}{\376\377\0008\000.\0006\000\040\000R\000e\000f\000e\000r\000e\000n\000c\000i\000a\000\040\000d\000e\000\040\000l\000a\000\040\000e\000s\000t\000r\000u\000c\000t\000u\000r\000a\000\040\000r\000e\000g\000i\000s\000t\000e\000r\000\137\000s\000a\000v\000e\000d\000\137\000e}{chapter.8}% 88
\BOOKMARK [2][-]{subsection.8.6.1}{\376\377\0008\000.\0006\000.\0001\000\040\000D\000e\000s\000c\000r\000i\000p\000c\000i\000\363\000n\000\040\000d\000e\000t\000a\000l\000l\000a\000d\000a}{section.8.6}% 89
\BOOKMARK [1][-]{section.8.7}{\376\377\0008\000.\0007\000\040\000R\000e\000f\000e\000r\000e\000n\000c\000i\000a\000\040\000d\000e\000\040\000l\000a\000\040\000e\000s\000t\000r\000u\000c\000t\000u\000r\000a\000\040\000s\000e\000n\000s\000o\000r\000\137\000d\000a\000t\000a\000\137\000t}{chapter.8}% 90
\BOOKMARK [2][-]{subsection.8.7.1}{\376\377\0008\000.\0007\000.\0001\000\040\000D\000e\000s\000c\000r\000i\000p\000c\000i\000\363\000n\000\040\000d\000e\000t\000a\000l\000l\000a\000d\000a}{section.8.7}% 91
\BOOKMARK [2][-]{subsection.8.7.2}{\376\377\0008\000.\0007\000.\0002\000\040\000D\000o\000c\000u\000m\000e\000n\000t\000a\000c\000i\000\363\000n\000\040\000d\000e\000\040\000c\000a\000m\000p\000o\000s}{section.8.7}% 92
\BOOKMARK [3][-]{subsubsection.8.7.2.1}{\376\377\0008\000.\0007\000.\0002\000.\0001\000\040\000t\000e\000m\000p\000e\000r\000a\000t\000u\000r\000e\000\137\000c\000e\000l\000s\000i\000u\000s}{subsection.8.7.2}% 93
\BOOKMARK [3][-]{subsubsection.8.7.2.2}{\376\377\0008\000.\0007\000.\0002\000.\0002\000\040\000t\000e\000m\000p\000e\000r\000a\000t\000u\000r\000e\000\137\000v\000a\000l\000i\000d}{subsection.8.7.2}% 94
\BOOKMARK [3][-]{subsubsection.8.7.2.3}{\376\377\0008\000.\0007\000.\0002\000.\0003\000\040\000t\000i\000m\000e\000\137\000i\000n\000f\000o}{subsection.8.7.2}% 95
\BOOKMARK [3][-]{subsubsection.8.7.2.4}{\376\377\0008\000.\0007\000.\0002\000.\0004\000\040\000t\000i\000m\000e\000\137\000v\000a\000l\000i\000d}{subsection.8.7.2}% 96
\BOOKMARK [1][-]{section.8.8}{\376\377\0008\000.\0008\000\040\000R\000e\000f\000e\000r\000e\000n\000c\000i\000a\000\040\000d\000e\000\040\000l\000a\000\040\000e\000s\000t\000r\000u\000c\000t\000u\000r\000a\000\040\000w\000i\000f\000i\000\137\000a\000p\000p\000\137\000q\000u\000e\000u\000e\000\137\000m\000e\000s\000s\000a\000g\000e}{chapter.8}% 97
\BOOKMARK [2][-]{subsection.8.8.1}{\376\377\0008\000.\0008\000.\0001\000\040\000D\000e\000s\000c\000r\000i\000p\000c\000i\000\363\000n\000\040\000d\000e\000t\000a\000l\000l\000a\000d\000a}{section.8.8}% 98
\BOOKMARK [2][-]{subsection.8.8.2}{\376\377\0008\000.\0008\000.\0002\000\040\000D\000o\000c\000u\000m\000e\000n\000t\000a\000c\000i\000\363\000n\000\040\000d\000e\000\040\000c\000a\000m\000p\000o\000s}{section.8.8}% 99
\BOOKMARK [3][-]{subsubsection.8.8.2.1}{\376\377\0008\000.\0008\000.\0002\000.\0001\000\040\000m\000s\000g\000I\000D}{subsection.8.8.2}% 100
\BOOKMARK [1][-]{section.8.9}{\376\377\0008\000.\0009\000\040\000R\000e\000f\000e\000r\000e\000n\000c\000i\000a\000\040\000d\000e\000\040\000l\000a\000\040\000e\000s\000t\000r\000u\000c\000t\000u\000r\000a\000\040\000w\000i\000f\000i\000\137\000a\000p\000p\000\137\000q\000u\000e\000u\000e\000\137\000m\000e\000s\000s\000a\000g\000e\000\137\000t}{chapter.8}% 101
\BOOKMARK [2][-]{subsection.8.9.1}{\376\377\0008\000.\0009\000.\0001\000\040\000D\000e\000s\000c\000r\000i\000p\000c\000i\000\363\000n\000\040\000d\000e\000t\000a\000l\000l\000a\000d\000a}{section.8.9}% 102
\BOOKMARK [0][-]{chapter.9}{\376\377\0009\000\040\000D\000o\000c\000u\000m\000e\000n\000t\000a\000c\000i\000\363\000n\000\040\000d\000e\000\040\000a\000r\000c\000h\000i\000v\000o\000s}{}% 103
\BOOKMARK [1][-]{section.9.1}{\376\377\0009\000.\0001\000\040\000R\000e\000f\000e\000r\000e\000n\000c\000i\000a\000\040\000d\000e\000l\000\040\000a\000r\000c\000h\000i\000v\000o\000\040\000f\000a\000n\000\137\000c\000o\000n\000t\000r\000o\000l\000.\000c}{chapter.9}% 104
\BOOKMARK [2][-]{subsection.9.1.1}{\376\377\0009\000.\0001\000.\0001\000\040\000D\000e\000s\000c\000r\000i\000p\000c\000i\000\363\000n\000\040\000d\000e\000t\000a\000l\000l\000a\000d\000a}{section.9.1}% 105
\BOOKMARK [2][-]{subsection.9.1.2}{\376\377\0009\000.\0001\000.\0002\000\040\000D\000o\000c\000u\000m\000e\000n\000t\000a\000c\000i\000\363\000n\000\040\000d\000e\000\040\000f\000u\000n\000c\000i\000o\000n\000e\000s}{section.9.1}% 106
\BOOKMARK [3][-]{subsubsection.9.1.2.1}{\376\377\0009\000.\0001\000.\0002\000.\0001\000\040\000c\000o\000m\000p\000u\000t\000e\000\137\000a\000u\000t\000o\000\137\000s\000p\000e\000e\000d\000\050\000\051}{subsection.9.1.2}% 107
\BOOKMARK [3][-]{subsubsection.9.1.2.2}{\376\377\0009\000.\0001\000.\0002\000.\0002\000\040\000f\000a\000n\000\137\000c\000o\000n\000t\000r\000o\000l\000\137\000g\000e\000t\000\137\000m\000o\000d\000e\000\050\000\051}{subsection.9.1.2}% 108
\BOOKMARK [3][-]{subsubsection.9.1.2.3}{\376\377\0009\000.\0001\000.\0002\000.\0003\000\040\000f\000a\000n\000\137\000c\000o\000n\000t\000r\000o\000l\000\137\000g\000e\000t\000\137\000s\000p\000e\000e\000d\000\050\000\051}{subsection.9.1.2}% 109
\BOOKMARK [3][-]{subsubsection.9.1.2.4}{\376\377\0009\000.\0001\000.\0002\000.\0004\000\040\000f\000a\000n\000\137\000c\000o\000n\000t\000r\000o\000l\000\137\000i\000n\000i\000t\000\050\000\051}{subsection.9.1.2}% 110
\BOOKMARK [3][-]{subsubsection.9.1.2.5}{\376\377\0009\000.\0001\000.\0002\000.\0005\000\040\000f\000a\000n\000\137\000c\000o\000n\000t\000r\000o\000l\000\137\000o\000n\000\137\000r\000e\000g\000i\000s\000t\000e\000r\000\137\000t\000i\000c\000k\000\050\000\051}{subsection.9.1.2}% 111
\BOOKMARK [3][-]{subsubsection.9.1.2.6}{\376\377\0009\000.\0001\000.\0002\000.\0006\000\040\000f\000a\000n\000\137\000c\000o\000n\000t\000r\000o\000l\000\137\000s\000e\000t\000\137\000m\000a\000n\000u\000a\000l\000\137\000s\000p\000e\000e\000d\000\050\000\051}{subsection.9.1.2}% 112
\BOOKMARK [3][-]{subsubsection.9.1.2.7}{\376\377\0009\000.\0001\000.\0002\000.\0007\000\040\000f\000a\000n\000\137\000c\000o\000n\000t\000r\000o\000l\000\137\000s\000e\000t\000\137\000m\000o\000d\000e\000\050\000\051}{subsection.9.1.2}% 113
\BOOKMARK [3][-]{subsubsection.9.1.2.8}{\376\377\0009\000.\0001\000.\0002\000.\0008\000\040\000f\000a\000n\000\137\000c\000o\000n\000t\000r\000o\000l\000\137\000u\000p\000d\000a\000t\000e\000\050\000\051}{subsection.9.1.2}% 114
\BOOKMARK [2][-]{subsection.9.1.3}{\376\377\0009\000.\0001\000.\0003\000\040\000D\000o\000c\000u\000m\000e\000n\000t\000a\000c\000i\000\363\000n\000\040\000d\000e\000\040\000v\000a\000r\000i\000a\000b\000l\000e\000s}{section.9.1}% 115
\BOOKMARK [3][-]{subsubsection.9.1.3.1}{\376\377\0009\000.\0001\000.\0003\000.\0001\000\040\000s\000\137\000c\000u\000r\000r\000e\000n\000t\000\137\000s\000p\000e\000e\000d}{subsection.9.1.3}% 116
\BOOKMARK [3][-]{subsubsection.9.1.3.2}{\376\377\0009\000.\0001\000.\0003\000.\0002\000\040\000s\000\137\000m\000a\000n\000u\000a\000l\000\137\000s\000p\000e\000e\000d}{subsection.9.1.3}% 117
\BOOKMARK [3][-]{subsubsection.9.1.3.3}{\376\377\0009\000.\0001\000.\0003\000.\0003\000\040\000s\000\137\000m\000o\000d\000e}{subsection.9.1.3}% 118
\BOOKMARK [3][-]{subsubsection.9.1.3.4}{\376\377\0009\000.\0001\000.\0003\000.\0004\000\040\000s\000\137\000n\000t\000c\000\137\000a\000d\000c\000\137\000h\000a\000n\000d\000l\000e}{subsection.9.1.3}% 119
\BOOKMARK [3][-]{subsubsection.9.1.3.5}{\376\377\0009\000.\0001\000.\0003\000.\0005\000\040\000s\000\137\000r\000e\000g\000\137\000a\000c\000t\000i\000v\000e}{subsection.9.1.3}% 120
\BOOKMARK [1][-]{section.9.2}{\376\377\0009\000.\0002\000\040\000f\000a\000n\000\137\000c\000o\000n\000t\000r\000o\000l\000.\000c}{chapter.9}% 121
\BOOKMARK [1][-]{section.9.3}{\376\377\0009\000.\0003\000\040\000R\000e\000f\000e\000r\000e\000n\000c\000i\000a\000\040\000d\000e\000l\000\040\000a\000r\000c\000h\000i\000v\000o\000\040\000f\000a\000n\000\137\000c\000o\000n\000t\000r\000o\000l\000.\000h}{chapter.9}% 122
\BOOKMARK [2][-]{subsection.9.3.1}{\376\377\0009\000.\0003\000.\0001\000\040\000D\000e\000s\000c\000r\000i\000p\000c\000i\000\363\000n\000\040\000d\000e\000t\000a\000l\000l\000a\000d\000a}{section.9.3}% 123
\BOOKMARK [2][-]{subsection.9.3.2}{\376\377\0009\000.\0003\000.\0002\000\040\000D\000o\000c\000u\000m\000e\000n\000t\000a\000c\000i\000\363\000n\000\040\000d\000e\000\040\000e\000n\000u\000m\000e\000r\000a\000c\000i\000o\000n\000e\000s}{section.9.3}% 124
\BOOKMARK [3][-]{subsubsection.9.3.2.1}{\376\377\0009\000.\0003\000.\0002\000.\0001\000\040\000f\000a\000n\000\137\000m\000o\000d\000e\000\137\000t}{subsection.9.3.2}% 125
\BOOKMARK [2][-]{subsection.9.3.3}{\376\377\0009\000.\0003\000.\0003\000\040\000D\000o\000c\000u\000m\000e\000n\000t\000a\000c\000i\000\363\000n\000\040\000d\000e\000\040\000f\000u\000n\000c\000i\000o\000n\000e\000s}{section.9.3}% 126
\BOOKMARK [3][-]{subsubsection.9.3.3.1}{\376\377\0009\000.\0003\000.\0003\000.\0001\000\040\000f\000a\000n\000\137\000c\000o\000n\000t\000r\000o\000l\000\137\000g\000e\000t\000\137\000m\000o\000d\000e\000\050\000\051}{subsection.9.3.3}% 127
\BOOKMARK [3][-]{subsubsection.9.3.3.2}{\376\377\0009\000.\0003\000.\0003\000.\0002\000\040\000f\000a\000n\000\137\000c\000o\000n\000t\000r\000o\000l\000\137\000g\000e\000t\000\137\000s\000p\000e\000e\000d\000\050\000\051}{subsection.9.3.3}% 128
\BOOKMARK [3][-]{subsubsection.9.3.3.3}{\376\377\0009\000.\0003\000.\0003\000.\0003\000\040\000f\000a\000n\000\137\000c\000o\000n\000t\000r\000o\000l\000\137\000i\000n\000i\000t\000\050\000\051}{subsection.9.3.3}% 129
\BOOKMARK [3][-]{subsubsection.9.3.3.4}{\376\377\0009\000.\0003\000.\0003\000.\0004\000\040\000f\000a\000n\000\137\000c\000o\000n\000t\000r\000o\000l\000\137\000o\000n\000\137\000r\000e\000g\000i\000s\000t\000e\000r\000\137\000t\000i\000c\000k\000\050\000\051}{subsection.9.3.3}% 130
\BOOKMARK [3][-]{subsubsection.9.3.3.5}{\376\377\0009\000.\0003\000.\0003\000.\0005\000\040\000f\000a\000n\000\137\000c\000o\000n\000t\000r\000o\000l\000\137\000s\000e\000t\000\137\000m\000a\000n\000u\000a\000l\000\137\000s\000p\000e\000e\000d\000\050\000\051}{subsection.9.3.3}% 131
\BOOKMARK [3][-]{subsubsection.9.3.3.6}{\376\377\0009\000.\0003\000.\0003\000.\0006\000\040\000f\000a\000n\000\137\000c\000o\000n\000t\000r\000o\000l\000\137\000s\000e\000t\000\137\000m\000o\000d\000e\000\050\000\051}{subsection.9.3.3}% 132
\BOOKMARK [3][-]{subsubsection.9.3.3.7}{\376\377\0009\000.\0003\000.\0003\000.\0007\000\040\000f\000a\000n\000\137\000c\000o\000n\000t\000r\000o\000l\000\137\000u\000p\000d\000a\000t\000e\000\050\000\051}{subsection.9.3.3}% 133
\BOOKMARK [1][-]{section.9.4}{\376\377\0009\000.\0004\000\040\000f\000a\000n\000\137\000c\000o\000n\000t\000r\000o\000l\000.\000h}{chapter.9}% 134
\BOOKMARK [1][-]{section.9.5}{\376\377\0009\000.\0005\000\040\000R\000e\000f\000e\000r\000e\000n\000c\000i\000a\000\040\000d\000e\000l\000\040\000a\000r\000c\000h\000i\000v\000o\000\040\000f\000a\000n\000\137\000d\000r\000i\000v\000e\000r\000.\000c}{chapter.9}% 135
\BOOKMARK [2][-]{subsection.9.5.1}{\376\377\0009\000.\0005\000.\0001\000\040\000D\000o\000c\000u\000m\000e\000n\000t\000a\000c\000i\000\363\000n\000\040\000d\000e\000\040\000f\000u\000n\000c\000i\000o\000n\000e\000s}{section.9.5}% 136
\BOOKMARK [3][-]{subsubsection.9.5.1.1}{\376\377\0009\000.\0005\000.\0001\000.\0001\000\040\000f\000a\000n\000\137\000i\000n\000i\000t\000\050\000\051}{subsection.9.5.1}% 137
\BOOKMARK [3][-]{subsubsection.9.5.1.2}{\376\377\0009\000.\0005\000.\0001\000.\0002\000\040\000f\000a\000n\000\137\000o\000f\000f\000\050\000\051}{subsection.9.5.1}% 138
\BOOKMARK [3][-]{subsubsection.9.5.1.3}{\376\377\0009\000.\0005\000.\0001\000.\0003\000\040\000f\000a\000n\000\137\000s\000e\000t\000\137\000s\000p\000e\000e\000d\000\137\000p\000e\000r\000c\000e\000n\000t\000\050\000\051}{subsection.9.5.1}% 139
\BOOKMARK [2][-]{subsection.9.5.2}{\376\377\0009\000.\0005\000.\0002\000\040\000D\000o\000c\000u\000m\000e\000n\000t\000a\000c\000i\000\363\000n\000\040\000d\000e\000\040\000v\000a\000r\000i\000a\000b\000l\000e\000s}{section.9.5}% 140
\BOOKMARK [3][-]{subsubsection.9.5.2.1}{\376\377\0009\000.\0005\000.\0002\000.\0001\000\040\000s\000\137\000f\000a\000n\000\137\000i\000n\000i\000t\000i\000a\000l\000i\000z\000e\000d}{subsection.9.5.2}% 141
\BOOKMARK [1][-]{section.9.6}{\376\377\0009\000.\0006\000\040\000f\000a\000n\000\137\000d\000r\000i\000v\000e\000r\000.\000c}{chapter.9}% 142
\BOOKMARK [1][-]{section.9.7}{\376\377\0009\000.\0007\000\040\000R\000e\000f\000e\000r\000e\000n\000c\000i\000a\000\040\000d\000e\000l\000\040\000a\000r\000c\000h\000i\000v\000o\000\040\000f\000a\000n\000\137\000d\000r\000i\000v\000e\000r\000.\000h}{chapter.9}% 143
\BOOKMARK [2][-]{subsection.9.7.1}{\376\377\0009\000.\0007\000.\0001\000\040\000D\000o\000c\000u\000m\000e\000n\000t\000a\000c\000i\000\363\000n\000\040\000d\000e\000\040\000\253\000d\000e\000f\000i\000n\000e\000\273}{section.9.7}% 144
\BOOKMARK [3][-]{subsubsection.9.7.1.1}{\376\377\0009\000.\0007\000.\0001\000.\0001\000\040\000F\000A\000N\000\137\000L\000E\000D\000C\000\137\000C\000H\000A\000N\000N\000E\000L}{subsection.9.7.1}% 145
\BOOKMARK [3][-]{subsubsection.9.7.1.2}{\376\377\0009\000.\0007\000.\0001\000.\0002\000\040\000F\000A\000N\000\137\000L\000E\000D\000C\000\137\000D\000U\000T\000Y\000\137\000R\000E\000S}{subsection.9.7.1}% 146
\BOOKMARK [3][-]{subsubsection.9.7.1.3}{\376\377\0009\000.\0007\000.\0001\000.\0003\000\040\000F\000A\000N\000\137\000L\000E\000D\000C\000\137\000F\000R\000E\000Q\000\137\000H\000Z}{subsection.9.7.1}% 147
\BOOKMARK [3][-]{subsubsection.9.7.1.4}{\376\377\0009\000.\0007\000.\0001\000.\0004\000\040\000F\000A\000N\000\137\000L\000E\000D\000C\000\137\000M\000O\000D\000E}{subsection.9.7.1}% 148
\BOOKMARK [3][-]{subsubsection.9.7.1.5}{\376\377\0009\000.\0007\000.\0001\000.\0005\000\040\000F\000A\000N\000\137\000L\000E\000D\000C\000\137\000T\000I\000M\000E\000R}{subsection.9.7.1}% 149
\BOOKMARK [3][-]{subsubsection.9.7.1.6}{\376\377\0009\000.\0007\000.\0001\000.\0006\000\040\000F\000A\000N\000\137\000P\000W\000M\000\137\000G\000P\000I\000O}{subsection.9.7.1}% 150
\BOOKMARK [2][-]{subsection.9.7.2}{\376\377\0009\000.\0007\000.\0002\000\040\000D\000o\000c\000u\000m\000e\000n\000t\000a\000c\000i\000\363\000n\000\040\000d\000e\000\040\000f\000u\000n\000c\000i\000o\000n\000e\000s}{section.9.7}% 151
\BOOKMARK [3][-]{subsubsection.9.7.2.1}{\376\377\0009\000.\0007\000.\0002\000.\0001\000\040\000f\000a\000n\000\137\000i\000n\000i\000t\000\050\000\051}{subsection.9.7.2}% 152
\BOOKMARK [3][-]{subsubsection.9.7.2.2}{\376\377\0009\000.\0007\000.\0002\000.\0002\000\040\000f\000a\000n\000\137\000o\000f\000f\000\050\000\051}{subsection.9.7.2}% 153
\BOOKMARK [3][-]{subsubsection.9.7.2.3}{\376\377\0009\000.\0007\000.\0002\000.\0003\000\040\000f\000a\000n\000\137\000s\000e\000t\000\137\000s\000p\000e\000e\000d\000\137\000p\000e\000r\000c\000e\000n\000t\000\050\000\051}{subsection.9.7.2}% 154
\BOOKMARK [1][-]{section.9.8}{\376\377\0009\000.\0008\000\040\000f\000a\000n\000\137\000d\000r\000i\000v\000e\000r\000.\000h}{chapter.9}% 155
\BOOKMARK [1][-]{section.9.9}{\376\377\0009\000.\0009\000\040\000R\000e\000f\000e\000r\000e\000n\000c\000i\000a\000\040\000d\000e\000l\000\040\000a\000r\000c\000h\000i\000v\000o\000\040\000h\000t\000t\000p\000\137\000s\000e\000r\000v\000e\000r\000.\000c}{chapter.9}% 156
\BOOKMARK [2][-]{subsection.9.9.1}{\376\377\0009\000.\0009\000.\0001\000\040\000D\000e\000s\000c\000r\000i\000p\000c\000i\000\363\000n\000\040\000d\000e\000t\000a\000l\000l\000a\000d\000a}{section.9.9}% 157
\BOOKMARK [2][-]{subsection.9.9.2}{\376\377\0009\000.\0009\000.\0002\000\040\000D\000o\000c\000u\000m\000e\000n\000t\000a\000c\000i\000\363\000n\000\040\000d\000e\000\040\000f\000u\000n\000c\000i\000o\000n\000e\000s}{section.9.9}% 158
\BOOKMARK [3][-]{subsubsection.9.9.2.1}{\376\377\0009\000.\0009\000.\0002\000.\0001\000\040\000f\000a\000n\000\137\000t\000a\000s\000k\000\050\000\051}{subsection.9.9.2}% 159
\BOOKMARK [3][-]{subsubsection.9.9.2.2}{\376\377\0009\000.\0009\000.\0002\000.\0002\000\040\000h\000t\000t\000p\000\137\000s\000e\000r\000v\000e\000r\000\137\000a\000p\000p\000\137\000c\000s\000s\000\137\000h\000a\000n\000d\000l\000e\000r\000\050\000\051}{subsection.9.9.2}% 160
\BOOKMARK [3][-]{subsubsection.9.9.2.3}{\376\377\0009\000.\0009\000.\0002\000.\0003\000\040\000h\000t\000t\000p\000\137\000s\000e\000r\000v\000e\000r\000\137\000a\000p\000p\000\137\000j\000s\000\137\000h\000a\000n\000d\000l\000e\000r\000\050\000\051}{subsection.9.9.2}% 161
\BOOKMARK [3][-]{subsubsection.9.9.2.4}{\376\377\0009\000.\0009\000.\0002\000.\0004\000\040\000h\000t\000t\000p\000\137\000s\000e\000r\000v\000e\000r\000\137\000c\000o\000n\000f\000i\000g\000u\000r\000e\000\050\000\051}{subsection.9.9.2}% 162
\BOOKMARK [3][-]{subsubsection.9.9.2.5}{\376\377\0009\000.\0009\000.\0002\000.\0005\000\040\000h\000t\000t\000p\000\137\000s\000e\000r\000v\000e\000r\000\137\000f\000a\000n\000\137\000c\000o\000n\000t\000r\000o\000l\000\137\000h\000a\000n\000d\000l\000e\000r\000\050\000\051}{subsection.9.9.2}% 163
\BOOKMARK [3][-]{subsubsection.9.9.2.6}{\376\377\0009\000.\0009\000.\0002\000.\0006\000\040\000h\000t\000t\000p\000\137\000s\000e\000r\000v\000e\000r\000\137\000f\000a\000v\000i\000c\000o\000n\000\137\000i\000c\000o\000\137\000h\000a\000n\000d\000l\000e\000r\000\050\000\051}{subsection.9.9.2}% 164
\BOOKMARK [3][-]{subsubsection.9.9.2.7}{\376\377\0009\000.\0009\000.\0002\000.\0007\000\040\000h\000t\000t\000p\000\137\000s\000e\000r\000v\000e\000r\000\137\000f\000w\000\137\000u\000p\000d\000a\000t\000e\000\137\000r\000e\000s\000e\000t\000\137\000c\000a\000l\000l\000b\000a\000c\000k\000\050\000\051}{subsection.9.9.2}% 165
\BOOKMARK [3][-]{subsubsection.9.9.2.8}{\376\377\0009\000.\0009\000.\0002\000.\0008\000\040\000h\000t\000t\000p\000\137\000s\000e\000r\000v\000e\000r\000\137\000f\000w\000\137\000u\000p\000d\000a\000t\000e\000\137\000r\000e\000s\000e\000t\000\137\000t\000i\000m\000e\000r\000\050\000\051}{subsection.9.9.2}% 166
\BOOKMARK [3][-]{subsubsection.9.9.2.9}{\376\377\0009\000.\0009\000.\0002\000.\0009\000\040\000h\000t\000t\000p\000\137\000s\000e\000r\000v\000e\000r\000\137\000g\000e\000t\000\137\000d\000h\000t\000\137\000s\000e\000n\000s\000o\000r\000\137\000r\000e\000a\000d\000i\000n\000g\000s\000\137\000j\000s\000o\000n\000\137\000h\000a\000n\000d\000l\000e\000r\000\050\000\051}{subsection.9.9.2}% 167
\BOOKMARK [3][-]{subsubsection.9.9.2.10}{\376\377\0009\000.\0009\000.\0002\000.\0001\0000\000\040\000h\000t\000t\000p\000\137\000s\000e\000r\000v\000e\000r\000\137\000i\000n\000d\000e\000x\000\137\000h\000t\000m\000l\000\137\000h\000a\000n\000d\000l\000e\000r\000\050\000\051}{subsection.9.9.2}% 168
\BOOKMARK [3][-]{subsubsection.9.9.2.11}{\376\377\0009\000.\0009\000.\0002\000.\0001\0001\000\040\000h\000t\000t\000p\000\137\000s\000e\000r\000v\000e\000r\000\137\000j\000q\000u\000e\000r\000y\000\137\000h\000a\000n\000d\000l\000e\000r\000\050\000\051}{subsection.9.9.2}% 169
\BOOKMARK [3][-]{subsubsection.9.9.2.12}{\376\377\0009\000.\0009\000.\0002\000.\0001\0002\000\040\000h\000t\000t\000p\000\137\000s\000e\000r\000v\000e\000r\000\137\000m\000o\000n\000i\000t\000o\000r\000\050\000\051}{subsection.9.9.2}% 170
\BOOKMARK [3][-]{subsubsection.9.9.2.13}{\376\377\0009\000.\0009\000.\0002\000.\0001\0003\000\040\000h\000t\000t\000p\000\137\000s\000e\000r\000v\000e\000r\000\137\000m\000o\000n\000i\000t\000o\000r\000\137\000s\000e\000n\000d\000\137\000m\000e\000s\000s\000a\000g\000e\000\050\000\051}{subsection.9.9.2}% 171
\BOOKMARK [3][-]{subsubsection.9.9.2.14}{\376\377\0009\000.\0009\000.\0002\000.\0001\0004\000\040\000h\000t\000t\000p\000\137\000s\000e\000r\000v\000e\000r\000\137\000O\000T\000A\000\137\000s\000t\000a\000t\000u\000s\000\137\000h\000a\000n\000d\000l\000e\000r\000\050\000\051}{subsection.9.9.2}% 172
\BOOKMARK [3][-]{subsubsection.9.9.2.15}{\376\377\0009\000.\0009\000.\0002\000.\0001\0005\000\040\000h\000t\000t\000p\000\137\000s\000e\000r\000v\000e\000r\000\137\000O\000T\000A\000\137\000u\000p\000d\000a\000t\000e\000\137\000h\000a\000n\000d\000l\000e\000r\000\050\000\051}{subsection.9.9.2}% 173
\BOOKMARK [3][-]{subsubsection.9.9.2.16}{\376\377\0009\000.\0009\000.\0002\000.\0001\0006\000\040\000h\000t\000t\000p\000\137\000s\000e\000r\000v\000e\000r\000\137\000r\000e\000a\000d\000\137\000r\000e\000g\000i\000s\000t\000e\000r\000\137\000h\000a\000n\000d\000l\000e\000r\000\050\000\051}{subsection.9.9.2}% 174
\BOOKMARK [3][-]{subsubsection.9.9.2.17}{\376\377\0009\000.\0009\000.\0002\000.\0001\0007\000\040\000h\000t\000t\000p\000\137\000s\000e\000r\000v\000e\000r\000\137\000r\000e\000g\000i\000s\000t\000e\000r\000\137\000e\000r\000a\000s\000e\000\137\000h\000a\000n\000d\000l\000e\000r\000\050\000\051}{subsection.9.9.2}% 175
\BOOKMARK [3][-]{subsubsection.9.9.2.18}{\376\377\0009\000.\0009\000.\0002\000.\0001\0008\000\040\000h\000t\000t\000p\000\137\000s\000e\000r\000v\000e\000r\000\137\000s\000t\000a\000r\000t\000\050\000\051}{subsection.9.9.2}% 176
\BOOKMARK [3][-]{subsubsection.9.9.2.19}{\376\377\0009\000.\0009\000.\0002\000.\0001\0009\000\040\000h\000t\000t\000p\000\137\000s\000e\000r\000v\000e\000r\000\137\000s\000t\000o\000p\000\050\000\051}{subsection.9.9.2}% 177
\BOOKMARK [3][-]{subsubsection.9.9.2.20}{\376\377\0009\000.\0009\000.\0002\000.\0002\0000\000\040\000h\000t\000t\000p\000\137\000s\000e\000r\000v\000e\000r\000\137\000t\000i\000m\000e\000\137\000j\000s\000o\000n\000\137\000h\000a\000n\000d\000l\000e\000r\000\050\000\051}{subsection.9.9.2}% 178
\BOOKMARK [3][-]{subsubsection.9.9.2.21}{\376\377\0009\000.\0009\000.\0002\000.\0002\0001\000\040\000h\000t\000t\000p\000\137\000s\000e\000r\000v\000e\000r\000\137\000t\000o\000o\000g\000l\000e\000\137\000l\000e\000d\000\137\000h\000a\000n\000d\000l\000e\000r\000\050\000\051}{subsection.9.9.2}% 179
\BOOKMARK [3][-]{subsubsection.9.9.2.22}{\376\377\0009\000.\0009\000.\0002\000.\0002\0002\000\040\000h\000t\000t\000p\000\137\000s\000e\000r\000v\000e\000r\000\137\000w\000i\000f\000i\000\137\000c\000o\000n\000n\000e\000c\000t\000\137\000j\000s\000o\000n\000\137\000h\000a\000n\000d\000l\000e\000r\000\050\000\051}{subsection.9.9.2}% 180
\BOOKMARK [3][-]{subsubsection.9.9.2.23}{\376\377\0009\000.\0009\000.\0002\000.\0002\0003\000\040\000h\000t\000t\000p\000\137\000s\000e\000r\000v\000e\000r\000\137\000w\000i\000f\000i\000\137\000c\000o\000n\000n\000e\000c\000t\000\137\000s\000t\000a\000t\000u\000s\000\137\000j\000s\000o\000n\000\137\000h\000a\000n\000d\000l\000e\000r\000\050\000\051}{subsection.9.9.2}% 181
\BOOKMARK [3][-]{subsubsection.9.9.2.24}{\376\377\0009\000.\0009\000.\0002\000.\0002\0004\000\040\000l\000o\000g\000\137\000e\000r\000r\000o\000r\000\137\000i\000f\000\137\000n\000o\000n\000z\000e\000r\000o\000\050\000\051}{subsection.9.9.2}% 182
\BOOKMARK [3][-]{subsubsection.9.9.2.25}{\376\377\0009\000.\0009\000.\0002\000.\0002\0005\000\040\000s\000e\000n\000s\000o\000r\000s\000\137\000i\000n\000i\000t\000\050\000\051}{subsection.9.9.2}% 183
\BOOKMARK [3][-]{subsubsection.9.9.2.26}{\376\377\0009\000.\0009\000.\0002\000.\0002\0006\000\040\000t\000o\000o\000g\000l\000e\000\137\000l\000e\000d\000\050\000\051}{subsection.9.9.2}% 184
\BOOKMARK [2][-]{subsection.9.9.3}{\376\377\0009\000.\0009\000.\0003\000\040\000D\000o\000c\000u\000m\000e\000n\000t\000a\000c\000i\000\363\000n\000\040\000d\000e\000\040\000v\000a\000r\000i\000a\000b\000l\000e\000s}{section.9.9}% 185
\BOOKMARK [3][-]{subsubsection.9.9.3.1}{\376\377\0009\000.\0009\000.\0003\000.\0001\000\040\000f\000w\000\137\000u\000p\000d\000a\000t\000e\000\137\000r\000e\000s\000e\000t}{subsection.9.9.3}% 186
\BOOKMARK [3][-]{subsubsection.9.9.3.2}{\376\377\0009\000.\0009\000.\0003\000.\0002\000\040\000f\000w\000\137\000u\000p\000d\000a\000t\000e\000\137\000r\000e\000s\000e\000t\000\137\000a\000r\000g\000s}{subsection.9.9.3}% 187
\BOOKMARK [3][-]{subsubsection.9.9.3.3}{\376\377\0009\000.\0009\000.\0003\000.\0003\000\040\000g\000\137\000f\000w\000\137\000u\000p\000d\000a\000t\000e\000\137\000s\000t\000a\000t\000u\000s}{subsection.9.9.3}% 188
\BOOKMARK [3][-]{subsubsection.9.9.3.4}{\376\377\0009\000.\0009\000.\0003\000.\0004\000\040\000g\000\137\000w\000i\000f\000i\000\137\000c\000o\000n\000n\000e\000c\000t\000\137\000s\000t\000a\000t\000u\000s}{subsection.9.9.3}% 189
\BOOKMARK [3][-]{subsubsection.9.9.3.5}{\376\377\0009\000.\0009\000.\0003\000.\0005\000\040\000h\000t\000t\000p\000\137\000s\000e\000r\000v\000e\000r\000\137\000h\000a\000n\000d\000l\000e}{subsection.9.9.3}% 190
\BOOKMARK [3][-]{subsubsection.9.9.3.6}{\376\377\0009\000.\0009\000.\0003\000.\0006\000\040\000h\000t\000t\000p\000\137\000s\000e\000r\000v\000e\000r\000\137\000m\000o\000n\000i\000t\000o\000r\000\137\000q\000u\000e\000u\000e\000\137\000h\000a\000n\000d\000l\000e}{subsection.9.9.3}% 191
\BOOKMARK [3][-]{subsubsection.9.9.3.7}{\376\377\0009\000.\0009\000.\0003\000.\0007\000\040\000s\000\137\000l\000e\000d\000\137\000s\000t\000a\000t\000e}{subsection.9.9.3}% 192
\BOOKMARK [3][-]{subsubsection.9.9.3.8}{\376\377\0009\000.\0009\000.\0003\000.\0008\000\040\000s\000\137\000n\000t\000c\000\137\000a\000d\000c\000\137\000h\000a\000n\000d\000l\000e}{subsection.9.9.3}% 193
\BOOKMARK [3][-]{subsubsection.9.9.3.9}{\376\377\0009\000.\0009\000.\0003\000.\0009\000\040\000T\000A\000G}{subsection.9.9.3}% 194
\BOOKMARK [3][-]{subsubsection.9.9.3.10}{\376\377\0009\000.\0009\000.\0003\000.\0001\0000\000\040\000t\000a\000s\000k\000\137\000h\000t\000t\000p\000\137\000s\000e\000r\000v\000e\000r\000\137\000m\000o\000n\000i\000t\000o\000r}{subsection.9.9.3}% 195
\BOOKMARK [1][-]{section.9.10}{\376\377\0009\000.\0001\0000\000\040\000h\000t\000t\000p\000\137\000s\000e\000r\000v\000e\000r\000.\000c}{chapter.9}% 196
\BOOKMARK [1][-]{section.9.11}{\376\377\0009\000.\0001\0001\000\040\000R\000e\000f\000e\000r\000e\000n\000c\000i\000a\000\040\000d\000e\000l\000\040\000a\000r\000c\000h\000i\000v\000o\000\040\000h\000t\000t\000p\000\137\000s\000e\000r\000v\000e\000r\000.\000h}{chapter.9}% 197
\BOOKMARK [2][-]{subsection.9.11.1}{\376\377\0009\000.\0001\0001\000.\0001\000\040\000D\000e\000s\000c\000r\000i\000p\000c\000i\000\363\000n\000\040\000d\000e\000t\000a\000l\000l\000a\000d\000a}{section.9.11}% 198
\BOOKMARK [2][-]{subsection.9.11.2}{\376\377\0009\000.\0001\0001\000.\0002\000\040\000D\000o\000c\000u\000m\000e\000n\000t\000a\000c\000i\000\363\000n\000\040\000d\000e\000\040\000\253\000d\000e\000f\000i\000n\000e\000\273}{section.9.11}% 199
\BOOKMARK [3][-]{subsubsection.9.11.2.1}{\376\377\0009\000.\0001\0001\000.\0002\000.\0001\000\040\000B\000L\000I\000N\000K\000\137\000G\000P\000I\000O}{subsection.9.11.2}% 200
\BOOKMARK [2][-]{subsection.9.11.3}{\376\377\0009\000.\0001\0001\000.\0003\000\040\000D\000o\000c\000u\000m\000e\000n\000t\000a\000c\000i\000\363\000n\000\040\000d\000e\000\040\000\253\000t\000y\000p\000e\000d\000e\000f\000\273}{section.9.11}% 201
\BOOKMARK [3][-]{subsubsection.9.11.3.1}{\376\377\0009\000.\0001\0001\000.\0003\000.\0001\000\040\000h\000t\000t\000p\000\137\000s\000e\000r\000v\000e\000r\000\137\000m\000e\000s\000s\000a\000g\000e\000\137\000e}{subsection.9.11.3}% 202
\BOOKMARK [3][-]{subsubsection.9.11.3.2}{\376\377\0009\000.\0001\0001\000.\0003\000.\0002\000\040\000h\000t\000t\000p\000\137\000s\000e\000r\000v\000e\000r\000\137\000q\000u\000e\000u\000e\000\137\000m\000e\000s\000s\000a\000g\000e\000\137\000t}{subsection.9.11.3}% 203
\BOOKMARK [3][-]{subsubsection.9.11.3.3}{\376\377\0009\000.\0001\0001\000.\0003\000.\0003\000\040\000h\000t\000t\000p\000\137\000s\000e\000r\000v\000e\000r\000\137\000w\000i\000f\000i\000\137\000c\000o\000n\000n\000e\000c\000t\000\137\000s\000t\000a\000t\000u\000s\000\137\000e}{subsection.9.11.3}% 204
\BOOKMARK [2][-]{subsection.9.11.4}{\376\377\0009\000.\0001\0001\000.\0004\000\040\000D\000o\000c\000u\000m\000e\000n\000t\000a\000c\000i\000\363\000n\000\040\000d\000e\000\040\000e\000n\000u\000m\000e\000r\000a\000c\000i\000o\000n\000e\000s}{section.9.11}% 205
\BOOKMARK [3][-]{subsubsection.9.11.4.1}{\376\377\0009\000.\0001\0001\000.\0004\000.\0001\000\040\000h\000t\000t\000p\000\137\000s\000e\000r\000v\000e\000r\000\137\000m\000e\000s\000s\000a\000g\000e}{subsection.9.11.4}% 206
\BOOKMARK [3][-]{subsubsection.9.11.4.2}{\376\377\0009\000.\0001\0001\000.\0004\000.\0002\000\040\000h\000t\000t\000p\000\137\000s\000e\000r\000v\000e\000r\000\137\000w\000i\000f\000i\000\137\000c\000o\000n\000n\000e\000c\000t\000\137\000s\000t\000a\000t\000u\000s}{subsection.9.11.4}% 207
\BOOKMARK [2][-]{subsection.9.11.5}{\376\377\0009\000.\0001\0001\000.\0005\000\040\000D\000o\000c\000u\000m\000e\000n\000t\000a\000c\000i\000\363\000n\000\040\000d\000e\000\040\000f\000u\000n\000c\000i\000o\000n\000e\000s}{section.9.11}% 208
\BOOKMARK [3][-]{subsubsection.9.11.5.1}{\376\377\0009\000.\0001\0001\000.\0005\000.\0001\000\040\000h\000t\000t\000p\000\137\000s\000e\000r\000v\000e\000r\000\137\000f\000w\000\137\000u\000p\000d\000a\000t\000e\000\137\000r\000e\000s\000e\000t\000\137\000c\000a\000l\000l\000b\000a\000c\000k\000\050\000\051}{subsection.9.11.5}% 209
\BOOKMARK [3][-]{subsubsection.9.11.5.2}{\376\377\0009\000.\0001\0001\000.\0005\000.\0002\000\040\000h\000t\000t\000p\000\137\000s\000e\000r\000v\000e\000r\000\137\000m\000o\000n\000i\000t\000o\000r\000\137\000s\000e\000n\000d\000\137\000m\000e\000s\000s\000a\000g\000e\000\050\000\051}{subsection.9.11.5}% 210
\BOOKMARK [3][-]{subsubsection.9.11.5.3}{\376\377\0009\000.\0001\0001\000.\0005\000.\0003\000\040\000h\000t\000t\000p\000\137\000s\000e\000r\000v\000e\000r\000\137\000s\000t\000a\000r\000t\000\050\000\051}{subsection.9.11.5}% 211
\BOOKMARK [3][-]{subsubsection.9.11.5.4}{\376\377\0009\000.\0001\0001\000.\0005\000.\0004\000\040\000h\000t\000t\000p\000\137\000s\000e\000r\000v\000e\000r\000\137\000s\000t\000o\000p\000\050\000\051}{subsection.9.11.5}% 212
\BOOKMARK [3][-]{subsubsection.9.11.5.5}{\376\377\0009\000.\0001\0001\000.\0005\000.\0005\000\040\000t\000o\000o\000g\000l\000e\000\137\000l\000e\000d\000\050\000\051}{subsection.9.11.5}% 213
\BOOKMARK [1][-]{section.9.12}{\376\377\0009\000.\0001\0002\000\040\000h\000t\000t\000p\000\137\000s\000e\000r\000v\000e\000r\000.\000h}{chapter.9}% 214
\BOOKMARK [1][-]{section.9.13}{\376\377\0009\000.\0001\0003\000\040\000R\000e\000f\000e\000r\000e\000n\000c\000i\000a\000\040\000d\000e\000l\000\040\000a\000r\000c\000h\000i\000v\000o\000\040\000n\000t\000c\000\137\000d\000r\000i\000v\000e\000r\000.\000c}{chapter.9}% 215
\BOOKMARK [2][-]{subsection.9.13.1}{\376\377\0009\000.\0001\0003\000.\0001\000\040\000D\000e\000s\000c\000r\000i\000p\000c\000i\000\363\000n\000\040\000d\000e\000t\000a\000l\000l\000a\000d\000a}{section.9.13}% 216
\BOOKMARK [2][-]{subsection.9.13.2}{\376\377\0009\000.\0001\0003\000.\0002\000\040\000D\000o\000c\000u\000m\000e\000n\000t\000a\000c\000i\000\363\000n\000\040\000d\000e\000\040\000f\000u\000n\000c\000i\000o\000n\000e\000s}{section.9.13}% 217
\BOOKMARK [3][-]{subsubsection.9.13.2.1}{\376\377\0009\000.\0001\0003\000.\0002\000.\0001\000\040\000i\000n\000i\000c\000i\000a\000l\000i\000z\000a\000r\000\137\000n\000t\000c\000\050\000\051}{subsection.9.13.2}% 218
\BOOKMARK [3][-]{subsubsection.9.13.2.2}{\376\377\0009\000.\0001\0003\000.\0002\000.\0002\000\040\000l\000e\000e\000r\000\137\000t\000e\000m\000p\000e\000r\000a\000t\000u\000r\000a\000\137\000c\000e\000l\000s\000i\000u\000s\000\050\000\051}{subsection.9.13.2}% 219
\BOOKMARK [1][-]{section.9.14}{\376\377\0009\000.\0001\0004\000\040\000n\000t\000c\000\137\000d\000r\000i\000v\000e\000r\000.\000c}{chapter.9}% 220
\BOOKMARK [1][-]{section.9.15}{\376\377\0009\000.\0001\0005\000\040\000R\000e\000f\000e\000r\000e\000n\000c\000i\000a\000\040\000d\000e\000l\000\040\000a\000r\000c\000h\000i\000v\000o\000\040\000n\000t\000c\000\137\000d\000r\000i\000v\000e\000r\000.\000h}{chapter.9}% 221
\BOOKMARK [2][-]{subsection.9.15.1}{\376\377\0009\000.\0001\0005\000.\0001\000\040\000D\000e\000s\000c\000r\000i\000p\000c\000i\000\363\000n\000\040\000d\000e\000t\000a\000l\000l\000a\000d\000a}{section.9.15}% 222
\BOOKMARK [2][-]{subsection.9.15.2}{\376\377\0009\000.\0001\0005\000.\0002\000\040\000D\000o\000c\000u\000m\000e\000n\000t\000a\000c\000i\000\363\000n\000\040\000d\000e\000\040\000f\000u\000n\000c\000i\000o\000n\000e\000s}{section.9.15}% 223
\BOOKMARK [3][-]{subsubsection.9.15.2.1}{\376\377\0009\000.\0001\0005\000.\0002\000.\0001\000\040\000i\000n\000i\000c\000i\000a\000l\000i\000z\000a\000r\000\137\000n\000t\000c\000\050\000\051}{subsection.9.15.2}% 224
\BOOKMARK [3][-]{subsubsection.9.15.2.2}{\376\377\0009\000.\0001\0005\000.\0002\000.\0002\000\040\000l\000e\000e\000r\000\137\000t\000e\000m\000p\000e\000r\000a\000t\000u\000r\000a\000\137\000c\000e\000l\000s\000i\000u\000s\000\050\000\051}{subsection.9.15.2}% 225
\BOOKMARK [1][-]{section.9.16}{\376\377\0009\000.\0001\0006\000\040\000n\000t\000c\000\137\000d\000r\000i\000v\000e\000r\000.\000h}{chapter.9}% 226
\BOOKMARK [1][-]{section.9.17}{\376\377\0009\000.\0001\0007\000\040\000R\000e\000f\000e\000r\000e\000n\000c\000i\000a\000\040\000d\000e\000l\000\040\000a\000r\000c\000h\000i\000v\000o\000\040\000p\000i\000r\000\137\000d\000r\000i\000v\000e\000r\000.\000c}{chapter.9}% 227
\BOOKMARK [2][-]{subsection.9.17.1}{\376\377\0009\000.\0001\0007\000.\0001\000\040\000D\000e\000s\000c\000r\000i\000p\000c\000i\000\363\000n\000\040\000d\000e\000t\000a\000l\000l\000a\000d\000a}{section.9.17}% 228
\BOOKMARK [2][-]{subsection.9.17.2}{\376\377\0009\000.\0001\0007\000.\0002\000\040\000D\000o\000c\000u\000m\000e\000n\000t\000a\000c\000i\000\363\000n\000\040\000d\000e\000\040\000f\000u\000n\000c\000i\000o\000n\000e\000s}{section.9.17}% 229
\BOOKMARK [3][-]{subsubsection.9.17.2.1}{\376\377\0009\000.\0001\0007\000.\0002\000.\0001\000\040\000p\000i\000r\000\137\000i\000n\000i\000t\000\050\000\051}{subsection.9.17.2}% 230
\BOOKMARK [3][-]{subsubsection.9.17.2.2}{\376\377\0009\000.\0001\0007\000.\0002\000.\0002\000\040\000p\000i\000r\000\137\000i\000s\000\137\000m\000o\000t\000i\000o\000n\000\137\000a\000c\000t\000i\000v\000e\000\050\000\051}{subsection.9.17.2}% 231
\BOOKMARK [3][-]{subsubsection.9.17.2.3}{\376\377\0009\000.\0001\0007\000.\0002\000.\0003\000\040\000p\000i\000r\000\137\000i\000s\000r\000\137\000h\000a\000n\000d\000l\000e\000r\000\050\000\051}{subsection.9.17.2}% 232
\BOOKMARK [2][-]{subsection.9.17.3}{\376\377\0009\000.\0001\0007\000.\0003\000\040\000D\000o\000c\000u\000m\000e\000n\000t\000a\000c\000i\000\363\000n\000\040\000d\000e\000\040\000v\000a\000r\000i\000a\000b\000l\000e\000s}{section.9.17}% 233
\BOOKMARK [3][-]{subsubsection.9.17.3.1}{\376\377\0009\000.\0001\0007\000.\0003\000.\0001\000\040\000s\000\137\000p\000i\000r\000\137\000e\000v\000t\000\137\000q\000u\000e\000u\000e}{subsection.9.17.3}% 234
\BOOKMARK [3][-]{subsubsection.9.17.3.2}{\376\377\0009\000.\0001\0007\000.\0003\000.\0002\000\040\000s\000\137\000p\000i\000r\000\137\000g\000p\000i\000o}{subsection.9.17.3}% 235
\BOOKMARK [1][-]{section.9.18}{\376\377\0009\000.\0001\0008\000\040\000p\000i\000r\000\137\000d\000r\000i\000v\000e\000r\000.\000c}{chapter.9}% 236
\BOOKMARK [1][-]{section.9.19}{\376\377\0009\000.\0001\0009\000\040\000R\000e\000f\000e\000r\000e\000n\000c\000i\000a\000\040\000d\000e\000l\000\040\000a\000r\000c\000h\000i\000v\000o\000\040\000p\000i\000r\000\137\000d\000r\000i\000v\000e\000r\000.\000h}{chapter.9}% 237
\BOOKMARK [2][-]{subsection.9.19.1}{\376\377\0009\000.\0001\0009\000.\0001\000\040\000D\000e\000s\000c\000r\000i\000p\000c\000i\000\363\000n\000\040\000d\000e\000t\000a\000l\000l\000a\000d\000a}{section.9.19}% 238
\BOOKMARK [2][-]{subsection.9.19.2}{\376\377\0009\000.\0001\0009\000.\0002\000\040\000D\000o\000c\000u\000m\000e\000n\000t\000a\000c\000i\000\363\000n\000\040\000d\000e\000\040\000f\000u\000n\000c\000i\000o\000n\000e\000s}{section.9.19}% 239
\BOOKMARK [3][-]{subsubsection.9.19.2.1}{\376\377\0009\000.\0001\0009\000.\0002\000.\0001\000\040\000p\000i\000r\000\137\000i\000n\000i\000t\000\050\000\051}{subsection.9.19.2}% 240
\BOOKMARK [3][-]{subsubsection.9.19.2.2}{\376\377\0009\000.\0001\0009\000.\0002\000.\0002\000\040\000p\000i\000r\000\137\000i\000s\000\137\000m\000o\000t\000i\000o\000n\000\137\000a\000c\000t\000i\000v\000e\000\050\000\051}{subsection.9.19.2}% 241
\BOOKMARK [1][-]{section.9.20}{\376\377\0009\000.\0002\0000\000\040\000p\000i\000r\000\137\000d\000r\000i\000v\000e\000r\000.\000h}{chapter.9}% 242
\BOOKMARK [1][-]{section.9.21}{\376\377\0009\000.\0002\0001\000\040\000R\000e\000f\000e\000r\000e\000n\000c\000i\000a\000\040\000d\000e\000l\000\040\000a\000r\000c\000h\000i\000v\000o\000\040\000r\000e\000g\000i\000s\000t\000e\000r\000s\000.\000c}{chapter.9}% 243
\BOOKMARK [2][-]{subsection.9.21.1}{\376\377\0009\000.\0002\0001\000.\0001\000\040\000D\000e\000s\000c\000r\000i\000p\000c\000i\000\363\000n\000\040\000d\000e\000t\000a\000l\000l\000a\000d\000a}{section.9.21}% 244
\BOOKMARK [2][-]{subsection.9.21.2}{\376\377\0009\000.\0002\0001\000.\0002\000\040\000D\000o\000c\000u\000m\000e\000n\000t\000a\000c\000i\000\363\000n\000\040\000d\000e\000\040\000f\000u\000n\000c\000i\000o\000n\000e\000s}{section.9.21}% 245
\BOOKMARK [3][-]{subsubsection.9.21.2.1}{\376\377\0009\000.\0002\0001\000.\0002\000.\0001\000\040\000a\000p\000i\000\137\000d\000e\000l\000e\000t\000e\000\137\000r\000e\000g\000i\000s\000t\000e\000r\000\050\000\051}{subsection.9.21.2}% 246
\BOOKMARK [3][-]{subsubsection.9.21.2.2}{\376\377\0009\000.\0002\0001\000.\0002\000.\0002\000\040\000a\000p\000i\000\137\000g\000e\000t\000\137\000r\000e\000g\000i\000s\000t\000e\000r\000s\000\050\000\051}{subsection.9.21.2}% 247
\BOOKMARK [3][-]{subsubsection.9.21.2.3}{\376\377\0009\000.\0002\0001\000.\0002\000.\0003\000\040\000a\000p\000i\000\137\000p\000o\000s\000t\000\137\000r\000e\000g\000i\000s\000t\000e\000r\000\050\000\051}{subsection.9.21.2}% 248
\BOOKMARK [3][-]{subsubsection.9.21.2.4}{\376\377\0009\000.\0002\0001\000.\0002\000.\0004\000\040\000d\000e\000l\000e\000t\000e\000\137\000r\000e\000g\000i\000s\000t\000e\000r\000\137\000f\000r\000o\000m\000\137\000n\000v\000s\000\050\000\051}{subsection.9.21.2}% 249
\BOOKMARK [3][-]{subsubsection.9.21.2.5}{\376\377\0009\000.\0002\0001\000.\0002\000.\0005\000\040\000i\000n\000i\000t\000\137\000n\000v\000s\000\050\000\051}{subsection.9.21.2}% 250
\BOOKMARK [3][-]{subsubsection.9.21.2.6}{\376\377\0009\000.\0002\0001\000.\0002\000.\0006\000\040\000l\000o\000a\000d\000\137\000r\000e\000g\000i\000s\000t\000e\000r\000\137\000f\000r\000o\000m\000\137\000n\000v\000s\000\050\000\051}{subsection.9.21.2}% 251
\BOOKMARK [3][-]{subsubsection.9.21.2.7}{\376\377\0009\000.\0002\0001\000.\0002\000.\0007\000\040\000l\000o\000a\000d\000\137\000r\000e\000g\000i\000s\000t\000e\000r\000\137\000s\000t\000r\000u\000c\000t\000\137\000f\000r\000o\000m\000\137\000n\000v\000s\000\050\000\051}{subsection.9.21.2}% 252
\BOOKMARK [3][-]{subsubsection.9.21.2.8}{\376\377\0009\000.\0002\0001\000.\0002\000.\0008\000\040\000r\000e\000g\000i\000s\000t\000e\000r\000\137\000i\000s\000\137\000a\000c\000t\000i\000v\000e\000\137\000n\000o\000w\000\050\000\051}{subsection.9.21.2}% 253
\BOOKMARK [3][-]{subsubsection.9.21.2.9}{\376\377\0009\000.\0002\0001\000.\0002\000.\0009\000\040\000r\000e\000g\000i\000s\000t\000e\000r\000\137\000r\000e\000g\000i\000s\000t\000e\000r\000s\000\137\000e\000n\000d\000p\000o\000i\000n\000t\000s\000\050\000\051}{subsection.9.21.2}% 254
\BOOKMARK [3][-]{subsubsection.9.21.2.10}{\376\377\0009\000.\0002\0001\000.\0002\000.\0001\0000\000\040\000r\000e\000g\000i\000s\000t\000e\000r\000s\000\137\000s\000c\000h\000e\000d\000u\000l\000e\000r\000\137\000t\000a\000s\000k\000\050\000\051}{subsection.9.21.2}% 255
\BOOKMARK [3][-]{subsubsection.9.21.2.11}{\376\377\0009\000.\0002\0001\000.\0002\000.\0001\0001\000\040\000s\000a\000v\000e\000\137\000r\000e\000g\000i\000s\000t\000e\000r\000\137\000t\000o\000\137\000n\000v\000s\000\050\000\051}{subsection.9.21.2}% 256
\BOOKMARK [2][-]{subsection.9.21.3}{\376\377\0009\000.\0002\0001\000.\0003\000\040\000D\000o\000c\000u\000m\000e\000n\000t\000a\000c\000i\000\363\000n\000\040\000d\000e\000\040\000v\000a\000r\000i\000a\000b\000l\000e\000s}{section.9.21}% 257
\BOOKMARK [3][-]{subsubsection.9.21.3.1}{\376\377\0009\000.\0002\0001\000.\0003\000.\0001\000\040\000T\000A\000G}{subsection.9.21.3}% 258
\BOOKMARK [1][-]{section.9.22}{\376\377\0009\000.\0002\0002\000\040\000r\000e\000g\000i\000s\000t\000e\000r\000s\000.\000c}{chapter.9}% 259
\BOOKMARK [1][-]{section.9.23}{\376\377\0009\000.\0002\0003\000\040\000R\000e\000f\000e\000r\000e\000n\000c\000i\000a\000\040\000d\000e\000l\000\040\000a\000r\000c\000h\000i\000v\000o\000\040\000r\000e\000g\000i\000s\000t\000e\000r\000s\000.\000h}{chapter.9}% 260
\BOOKMARK [2][-]{subsection.9.23.1}{\376\377\0009\000.\0002\0003\000.\0001\000\040\000D\000e\000s\000c\000r\000i\000p\000c\000i\000\363\000n\000\040\000d\000e\000t\000a\000l\000l\000a\000d\000a}{section.9.23}% 261
\BOOKMARK [2][-]{subsection.9.23.2}{\376\377\0009\000.\0002\0003\000.\0002\000\040\000D\000o\000c\000u\000m\000e\000n\000t\000a\000c\000i\000\363\000n\000\040\000d\000e\000\040\000f\000u\000n\000c\000i\000o\000n\000e\000s}{section.9.23}% 262
\BOOKMARK [3][-]{subsubsection.9.23.2.1}{\376\377\0009\000.\0002\0003\000.\0002\000.\0001\000\040\000a\000p\000i\000\137\000d\000e\000l\000e\000t\000e\000\137\000r\000e\000g\000i\000s\000t\000e\000r\000\050\000\051}{subsection.9.23.2}% 263
\BOOKMARK [3][-]{subsubsection.9.23.2.2}{\376\377\0009\000.\0002\0003\000.\0002\000.\0002\000\040\000a\000p\000i\000\137\000g\000e\000t\000\137\000r\000e\000g\000i\000s\000t\000e\000r\000s\000\050\000\051}{subsection.9.23.2}% 264
\BOOKMARK [3][-]{subsubsection.9.23.2.3}{\376\377\0009\000.\0002\0003\000.\0002\000.\0003\000\040\000a\000p\000i\000\137\000p\000o\000s\000t\000\137\000r\000e\000g\000i\000s\000t\000e\000r\000\050\000\051}{subsection.9.23.2}% 265
\BOOKMARK [3][-]{subsubsection.9.23.2.4}{\376\377\0009\000.\0002\0003\000.\0002\000.\0004\000\040\000d\000e\000l\000e\000t\000e\000\137\000r\000e\000g\000i\000s\000t\000e\000r\000\137\000f\000r\000o\000m\000\137\000n\000v\000s\000\050\000\051}{subsection.9.23.2}% 266
\BOOKMARK [3][-]{subsubsection.9.23.2.5}{\376\377\0009\000.\0002\0003\000.\0002\000.\0005\000\040\000i\000n\000i\000t\000\137\000n\000v\000s\000\050\000\051}{subsection.9.23.2}% 267
\BOOKMARK [3][-]{subsubsection.9.23.2.6}{\376\377\0009\000.\0002\0003\000.\0002\000.\0006\000\040\000l\000o\000a\000d\000\137\000r\000e\000g\000i\000s\000t\000e\000r\000\137\000f\000r\000o\000m\000\137\000n\000v\000s\000\050\000\051}{subsection.9.23.2}% 268
\BOOKMARK [3][-]{subsubsection.9.23.2.7}{\376\377\0009\000.\0002\0003\000.\0002\000.\0007\000\040\000r\000e\000g\000i\000s\000t\000e\000r\000\137\000r\000e\000g\000i\000s\000t\000e\000r\000s\000\137\000e\000n\000d\000p\000o\000i\000n\000t\000s\000\050\000\051}{subsection.9.23.2}% 269
\BOOKMARK [3][-]{subsubsection.9.23.2.8}{\376\377\0009\000.\0002\0003\000.\0002\000.\0008\000\040\000s\000a\000v\000e\000\137\000r\000e\000g\000i\000s\000t\000e\000r\000\137\000t\000o\000\137\000n\000v\000s\000\050\000\051}{subsection.9.23.2}% 270
\BOOKMARK [1][-]{section.9.24}{\376\377\0009\000.\0002\0004\000\040\000r\000e\000g\000i\000s\000t\000e\000r\000s\000.\000h}{chapter.9}% 271
\BOOKMARK [1][-]{section.9.25}{\376\377\0009\000.\0002\0005\000\040\000R\000e\000f\000e\000r\000e\000n\000c\000i\000a\000\040\000d\000e\000l\000\040\000a\000r\000c\000h\000i\000v\000o\000\040\000s\000e\000n\000s\000o\000r\000\137\000t\000a\000s\000k\000.\000c}{chapter.9}% 272
\BOOKMARK [2][-]{subsection.9.25.1}{\376\377\0009\000.\0002\0005\000.\0001\000\040\000D\000e\000s\000c\000r\000i\000p\000c\000i\000\363\000n\000\040\000d\000e\000t\000a\000l\000l\000a\000d\000a}{section.9.25}% 273
\BOOKMARK [2][-]{subsection.9.25.2}{\376\377\0009\000.\0002\0005\000.\0002\000\040\000D\000o\000c\000u\000m\000e\000n\000t\000a\000c\000i\000\363\000n\000\040\000d\000e\000\040\000f\000u\000n\000c\000i\000o\000n\000e\000s}{section.9.25}% 274
\BOOKMARK [3][-]{subsubsection.9.25.2.1}{\376\377\0009\000.\0002\0005\000.\0002\000.\0001\000\040\000s\000e\000n\000s\000o\000r\000\137\000t\000a\000s\000k\000\137\000g\000e\000t\000\137\000d\000a\000t\000a\000\050\000\051}{subsection.9.25.2}% 275
\BOOKMARK [3][-]{subsubsection.9.25.2.2}{\376\377\0009\000.\0002\0005\000.\0002\000.\0002\000\040\000s\000e\000n\000s\000o\000r\000\137\000t\000a\000s\000k\000\137\000i\000n\000i\000t\000\050\000\051}{subsection.9.25.2}% 276
\BOOKMARK [3][-]{subsubsection.9.25.2.3}{\376\377\0009\000.\0002\0005\000.\0002\000.\0003\000\040\000s\000e\000n\000s\000o\000r\000\137\000t\000a\000s\000k\000\137\000u\000p\000d\000a\000t\000e\000\137\000n\000o\000w\000\050\000\051}{subsection.9.25.2}% 277
\BOOKMARK [3][-]{subsubsection.9.25.2.4}{\376\377\0009\000.\0002\0005\000.\0002\000.\0004\000\040\000s\000e\000n\000s\000o\000r\000\137\000u\000p\000d\000a\000t\000e\000\137\000t\000a\000s\000k\000\050\000\051}{subsection.9.25.2}% 278
\BOOKMARK [2][-]{subsection.9.25.3}{\376\377\0009\000.\0002\0005\000.\0003\000\040\000D\000o\000c\000u\000m\000e\000n\000t\000a\000c\000i\000\363\000n\000\040\000d\000e\000\040\000v\000a\000r\000i\000a\000b\000l\000e\000s}{section.9.25}% 279
\BOOKMARK [3][-]{subsubsection.9.25.3.1}{\376\377\0009\000.\0002\0005\000.\0003\000.\0001\000\040\000a\000d\000c\000\137\000h\000a\000n\000d\000l\000e}{subsection.9.25.3}% 280
\BOOKMARK [3][-]{subsubsection.9.25.3.2}{\376\377\0009\000.\0002\0005\000.\0003\000.\0002\000\040\000s\000e\000n\000s\000o\000r\000\137\000m\000u\000t\000e\000x}{subsection.9.25.3}% 281
\BOOKMARK [3][-]{subsubsection.9.25.3.3}{\376\377\0009\000.\0002\0005\000.\0003\000.\0003\000\040\000s\000h\000a\000r\000e\000d\000\137\000s\000e\000n\000s\000o\000r\000\137\000d\000a\000t\000a}{subsection.9.25.3}% 282
\BOOKMARK [3][-]{subsubsection.9.25.3.4}{\376\377\0009\000.\0002\0005\000.\0003\000.\0004\000\040\000T\000A\000G}{subsection.9.25.3}% 283
\BOOKMARK [1][-]{section.9.26}{\376\377\0009\000.\0002\0006\000\040\000s\000e\000n\000s\000o\000r\000\137\000t\000a\000s\000k\000.\000c}{chapter.9}% 284
\BOOKMARK [1][-]{section.9.27}{\376\377\0009\000.\0002\0007\000\040\000R\000e\000f\000e\000r\000e\000n\000c\000i\000a\000\040\000d\000e\000l\000\040\000a\000r\000c\000h\000i\000v\000o\000\040\000s\000e\000n\000s\000o\000r\000\137\000t\000a\000s\000k\000.\000h}{chapter.9}% 285
\BOOKMARK [2][-]{subsection.9.27.1}{\376\377\0009\000.\0002\0007\000.\0001\000\040\000D\000e\000s\000c\000r\000i\000p\000c\000i\000\363\000n\000\040\000d\000e\000t\000a\000l\000l\000a\000d\000a}{section.9.27}% 286
\BOOKMARK [2][-]{subsection.9.27.2}{\376\377\0009\000.\0002\0007\000.\0002\000\040\000D\000o\000c\000u\000m\000e\000n\000t\000a\000c\000i\000\363\000n\000\040\000d\000e\000\040\000f\000u\000n\000c\000i\000o\000n\000e\000s}{section.9.27}% 287
\BOOKMARK [3][-]{subsubsection.9.27.2.1}{\376\377\0009\000.\0002\0007\000.\0002\000.\0001\000\040\000s\000e\000n\000s\000o\000r\000\137\000t\000a\000s\000k\000\137\000g\000e\000t\000\137\000d\000a\000t\000a\000\050\000\051}{subsection.9.27.2}% 288
\BOOKMARK [3][-]{subsubsection.9.27.2.2}{\376\377\0009\000.\0002\0007\000.\0002\000.\0002\000\040\000s\000e\000n\000s\000o\000r\000\137\000t\000a\000s\000k\000\137\000i\000n\000i\000t\000\050\000\051}{subsection.9.27.2}% 289
\BOOKMARK [3][-]{subsubsection.9.27.2.3}{\376\377\0009\000.\0002\0007\000.\0002\000.\0003\000\040\000s\000e\000n\000s\000o\000r\000\137\000t\000a\000s\000k\000\137\000u\000p\000d\000a\000t\000e\000\137\000n\000o\000w\000\050\000\051}{subsection.9.27.2}% 290
\BOOKMARK [1][-]{section.9.28}{\376\377\0009\000.\0002\0008\000\040\000s\000e\000n\000s\000o\000r\000\137\000t\000a\000s\000k\000.\000h}{chapter.9}% 291
\BOOKMARK [1][-]{section.9.29}{\376\377\0009\000.\0002\0009\000\040\000R\000e\000f\000e\000r\000e\000n\000c\000i\000a\000\040\000d\000e\000l\000\040\000a\000r\000c\000h\000i\000v\000o\000\040\000w\000e\000b\000p\000a\000g\000e\000/\000a\000p\000p\000.\000j\000s}{chapter.9}% 292
\BOOKMARK [1][-]{section.9.30}{\376\377\0009\000.\0003\0000\000\040\000a\000p\000p\000.\000j\000s}{chapter.9}% 293
\BOOKMARK [1][-]{section.9.31}{\376\377\0009\000.\0003\0001\000\040\000R\000e\000f\000e\000r\000e\000n\000c\000i\000a\000\040\000d\000e\000l\000\040\000a\000r\000c\000h\000i\000v\000o\000\040\000w\000e\000b\000p\000a\000g\000e\000/\000i\000n\000d\000e\000x\000.\000h\000t\000m\000l}{chapter.9}% 294
\BOOKMARK [1][-]{section.9.32}{\376\377\0009\000.\0003\0002\000\040\000i\000n\000d\000e\000x\000.\000h\000t\000m\000l}{chapter.9}% 295
\BOOKMARK [1][-]{section.9.33}{\376\377\0009\000.\0003\0003\000\040\000R\000e\000f\000e\000r\000e\000n\000c\000i\000a\000\040\000d\000e\000l\000\040\000a\000r\000c\000h\000i\000v\000o\000\040\000w\000i\000f\000i\000\137\000a\000p\000p\000.\000c}{chapter.9}% 296
\BOOKMARK [2][-]{subsection.9.33.1}{\376\377\0009\000.\0003\0003\000.\0001\000\040\000D\000e\000s\000c\000r\000i\000p\000c\000i\000\363\000n\000\040\000d\000e\000t\000a\000l\000l\000a\000d\000a}{section.9.33}% 297
\BOOKMARK [2][-]{subsection.9.33.2}{\376\377\0009\000.\0003\0003\000.\0002\000\040\000D\000o\000c\000u\000m\000e\000n\000t\000a\000c\000i\000\363\000n\000\040\000d\000e\000\040\000f\000u\000n\000c\000i\000o\000n\000e\000s}{section.9.33}% 298
\BOOKMARK [3][-]{subsubsection.9.33.2.1}{\376\377\0009\000.\0003\0003\000.\0002\000.\0001\000\040\000c\000h\000e\000c\000k\000\137\000s\000t\000a\000\137\000c\000o\000n\000n\000e\000c\000t\000i\000o\000n\000\137\000s\000t\000a\000t\000e\000\050\000\051}{subsection.9.33.2}% 299
\BOOKMARK [3][-]{subsubsection.9.33.2.2}{\376\377\0009\000.\0003\0003\000.\0002\000.\0002\000\040\000c\000o\000m\000p\000a\000r\000e\000\137\000h\000o\000u\000r\000\137\000d\000a\000y\000\137\000s\000t\000r\000u\000c\000t\000s\000\050\000\051}{subsection.9.33.2}% 300
\BOOKMARK [3][-]{subsubsection.9.33.2.3}{\376\377\0009\000.\0003\0003\000.\0002\000.\0003\000\040\000c\000o\000n\000n\000e\000c\000t\000\137\000t\000o\000\137\000w\000i\000f\000i\000\050\000\051}{subsection.9.33.2}% 301
\BOOKMARK [3][-]{subsubsection.9.33.2.4}{\376\377\0009\000.\0003\0003\000.\0002\000.\0004\000\040\000g\000e\000t\000\137\000s\000t\000a\000t\000e\000\137\000t\000i\000m\000e\000\137\000w\000a\000s\000\137\000s\000y\000n\000c\000h\000r\000o\000n\000i\000z\000e\000d\000\050\000\051}{subsection.9.33.2}% 302
\BOOKMARK [3][-]{subsubsection.9.33.2.5}{\376\377\0009\000.\0003\0003\000.\0002\000.\0005\000\040\000i\000n\000i\000t\000\137\000o\000b\000t\000a\000i\000n\000\137\000t\000i\000m\000e\000\050\000\051}{subsection.9.33.2}% 303
\BOOKMARK [3][-]{subsubsection.9.33.2.6}{\376\377\0009\000.\0003\0003\000.\0002\000.\0006\000\040\000i\000n\000i\000t\000i\000a\000l\000i\000z\000e\000\137\000r\000e\000g\000i\000s\000t\000e\000r\000s\000\050\000\051}{subsection.9.33.2}% 304
\BOOKMARK [3][-]{subsubsection.9.33.2.7}{\376\377\0009\000.\0003\0003\000.\0002\000.\0007\000\040\000l\000o\000a\000d\000\137\000w\000i\000f\000i\000\137\000c\000r\000e\000d\000e\000n\000t\000i\000a\000l\000s\000\050\000\051}{subsection.9.33.2}% 305
\BOOKMARK [3][-]{subsubsection.9.33.2.8}{\376\377\0009\000.\0003\0003\000.\0002\000.\0008\000\040\000n\000v\000s\000\137\000c\000r\000e\000d\000e\000n\000t\000i\000a\000l\000s\000\137\000e\000x\000i\000s\000t\000\050\000\051}{subsection.9.33.2}% 306
\BOOKMARK [3][-]{subsubsection.9.33.2.9}{\376\377\0009\000.\0003\0003\000.\0002\000.\0009\000\040\000o\000b\000t\000a\000i\000n\000\137\000t\000i\000m\000e\000\050\000\051}{subsection.9.33.2}% 307
\BOOKMARK [3][-]{subsubsection.9.33.2.10}{\376\377\0009\000.\0003\0003\000.\0002\000.\0001\0000\000\040\000r\000e\000a\000d\000\137\000r\000e\000g\000\137\000d\000a\000t\000a\000\050\000\051}{subsection.9.33.2}% 308
\BOOKMARK [3][-]{subsubsection.9.33.2.11}{\376\377\0009\000.\0003\0003\000.\0002\000.\0001\0001\000\040\000s\000a\000v\000e\000\137\000r\000e\000g\000\137\000d\000a\000t\000a\000\050\000\051}{subsection.9.33.2}% 309
\BOOKMARK [3][-]{subsubsection.9.33.2.12}{\376\377\0009\000.\0003\0003\000.\0002\000.\0001\0002\000\040\000s\000a\000v\000e\000\137\000w\000i\000f\000i\000\137\000c\000r\000e\000d\000e\000n\000t\000i\000a\000l\000s\000\050\000\051}{subsection.9.33.2}% 310
\BOOKMARK [3][-]{subsubsection.9.33.2.13}{\376\377\0009\000.\0003\0003\000.\0002\000.\0001\0003\000\040\000t\000a\000s\000k\000\137\000c\000o\000m\000p\000a\000r\000e\000\137\000h\000o\000u\000r\000\137\000t\000o\000\137\000e\000x\000e\000c\000u\000t\000e\000\137\000a\000c\000t\000i\000o\000n\000\050\000\051}{subsection.9.33.2}% 311
\BOOKMARK [3][-]{subsubsection.9.33.2.14}{\376\377\0009\000.\0003\0003\000.\0002\000.\0001\0004\000\040\000u\000p\000d\000a\000t\000e\000\137\000r\000e\000g\000i\000s\000t\000e\000r\000\050\000\051}{subsection.9.33.2}% 312
\BOOKMARK [3][-]{subsubsection.9.33.2.15}{\376\377\0009\000.\0003\0003\000.\0002\000.\0001\0005\000\040\000w\000i\000f\000i\000\137\000a\000p\000p\000\137\000c\000o\000n\000n\000e\000c\000t\000\137\000s\000t\000a\000\050\000\051}{subsection.9.33.2}% 313
\BOOKMARK [3][-]{subsubsection.9.33.2.16}{\376\377\0009\000.\0003\0003\000.\0002\000.\0001\0006\000\040\000w\000i\000f\000i\000\137\000a\000p\000p\000\137\000d\000e\000f\000a\000u\000l\000t\000\137\000w\000i\000f\000i\000\137\000i\000n\000i\000t\000\050\000\051}{subsection.9.33.2}% 314
\BOOKMARK [3][-]{subsubsection.9.33.2.17}{\376\377\0009\000.\0003\0003\000.\0002\000.\0001\0007\000\040\000w\000i\000f\000i\000\137\000a\000p\000p\000\137\000e\000v\000e\000n\000t\000\137\000h\000a\000n\000d\000l\000e\000r\000\050\000\051}{subsection.9.33.2}% 315
\BOOKMARK [3][-]{subsubsection.9.33.2.18}{\376\377\0009\000.\0003\0003\000.\0002\000.\0001\0008\000\040\000w\000i\000f\000i\000\137\000a\000p\000p\000\137\000e\000v\000e\000n\000t\000\137\000h\000a\000n\000d\000l\000e\000r\000\137\000i\000n\000i\000t\000\050\000\051}{subsection.9.33.2}% 316
\BOOKMARK [3][-]{subsubsection.9.33.2.19}{\376\377\0009\000.\0003\0003\000.\0002\000.\0001\0009\000\040\000w\000i\000f\000i\000\137\000a\000p\000p\000\137\000g\000e\000t\000\137\000w\000i\000f\000i\000\137\000c\000o\000n\000f\000i\000g\000\050\000\051}{subsection.9.33.2}% 317
\BOOKMARK [3][-]{subsubsection.9.33.2.20}{\376\377\0009\000.\0003\0003\000.\0002\000.\0002\0000\000\040\000w\000i\000f\000i\000\137\000a\000p\000p\000\137\000s\000e\000n\000d\000\137\000m\000e\000s\000s\000a\000g\000e\000\050\000\051}{subsection.9.33.2}% 318
\BOOKMARK [3][-]{subsubsection.9.33.2.21}{\376\377\0009\000.\0003\0003\000.\0002\000.\0002\0001\000\040\000w\000i\000f\000i\000\137\000a\000p\000p\000\137\000s\000o\000f\000t\000\137\000a\000p\000\137\000c\000o\000n\000f\000i\000g\000\050\000\051}{subsection.9.33.2}% 319
\BOOKMARK [3][-]{subsubsection.9.33.2.22}{\376\377\0009\000.\0003\0003\000.\0002\000.\0002\0002\000\040\000w\000i\000f\000i\000\137\000a\000p\000p\000\137\000s\000t\000a\000r\000t\000\050\000\051}{subsection.9.33.2}% 320
\BOOKMARK [3][-]{subsubsection.9.33.2.23}{\376\377\0009\000.\0003\0003\000.\0002\000.\0002\0003\000\040\000w\000i\000f\000i\000\137\000a\000p\000p\000\137\000t\000a\000s\000k\000\050\000\051}{subsection.9.33.2}% 321
\BOOKMARK [2][-]{subsection.9.33.3}{\376\377\0009\000.\0003\0003\000.\0003\000\040\000D\000o\000c\000u\000m\000e\000n\000t\000a\000c\000i\000\363\000n\000\040\000d\000e\000\040\000v\000a\000r\000i\000a\000b\000l\000e\000s}{section.9.33}% 322
\BOOKMARK [3][-]{subsubsection.9.33.3.1}{\376\377\0009\000.\0003\0003\000.\0003\000.\0001\000\040\000e\000s\000p\000\137\000n\000e\000t\000i\000f\000\137\000a\000p}{subsection.9.33.3}% 323
\BOOKMARK [3][-]{subsubsection.9.33.3.2}{\376\377\0009\000.\0003\0003\000.\0003\000.\0002\000\040\000e\000s\000p\000\137\000n\000e\000t\000i\000f\000\137\000s\000t\000a}{subsection.9.33.3}% 324
\BOOKMARK [3][-]{subsubsection.9.33.3.3}{\376\377\0009\000.\0003\0003\000.\0003\000.\0003\000\040\000g\000\137\000r\000e\000t\000r\000y\000\137\000n\000u\000m\000b\000e\000r}{subsection.9.33.3}% 325
\BOOKMARK [3][-]{subsubsection.9.33.3.4}{\376\377\0009\000.\0003\0003\000.\0003\000.\0004\000\040\000m\000y\000S\000e\000m\000a\000p\000h\000o\000r\000e}{subsection.9.33.3}% 326
\BOOKMARK [3][-]{subsubsection.9.33.3.5}{\376\377\0009\000.\0003\0003\000.\0003\000.\0005\000\040\000r\000e\000g\000i\000s\000t\000e\000r\000\137\000r\000e\000a\000d\000i\000n\000g\000s\000\137\000f\000r\000o\000m\000\137\000f\000l\000a\000s\000h}{subsection.9.33.3}% 327
\BOOKMARK [3][-]{subsubsection.9.33.3.6}{\376\377\0009\000.\0003\0003\000.\0003\000.\0006\000\040\000s\000\137\000l\000e\000d\000\137\000s\000t\000a\000t\000e}{subsection.9.33.3}% 328
\BOOKMARK [3][-]{subsubsection.9.33.3.7}{\376\377\0009\000.\0003\0003\000.\0003\000.\0007\000\040\000T\000A\000G}{subsection.9.33.3}% 329
\BOOKMARK [3][-]{subsubsection.9.33.3.8}{\376\377\0009\000.\0003\0003\000.\0003\000.\0008\000\040\000t\000i\000m\000e\000\137\000w\000a\000s\000\137\000s\000y\000n\000c\000h\000r\000o\000n\000i\000z\000e\000d}{subsection.9.33.3}% 330
\BOOKMARK [3][-]{subsubsection.9.33.3.9}{\376\377\0009\000.\0003\0003\000.\0003\000.\0009\000\040\000w\000i\000f\000i\000\137\000a\000p\000p\000\137\000q\000u\000e\000u\000e\000\137\000h\000a\000n\000d\000l\000e}{subsection.9.33.3}% 331
\BOOKMARK [3][-]{subsubsection.9.33.3.10}{\376\377\0009\000.\0003\0003\000.\0003\000.\0001\0000\000\040\000w\000i\000f\000i\000\137\000c\000o\000n\000f\000i\000g}{subsection.9.33.3}% 332
\BOOKMARK [1][-]{section.9.34}{\376\377\0009\000.\0003\0004\000\040\000w\000i\000f\000i\000\137\000a\000p\000p\000.\000c}{chapter.9}% 333
\BOOKMARK [1][-]{section.9.35}{\376\377\0009\000.\0003\0005\000\040\000R\000e\000f\000e\000r\000e\000n\000c\000i\000a\000\040\000d\000e\000l\000\040\000a\000r\000c\000h\000i\000v\000o\000\040\000w\000i\000f\000i\000\137\000a\000p\000p\000.\000h}{chapter.9}% 334
\BOOKMARK [2][-]{subsection.9.35.1}{\376\377\0009\000.\0003\0005\000.\0001\000\040\000D\000e\000s\000c\000r\000i\000p\000c\000i\000\363\000n\000\040\000d\000e\000t\000a\000l\000l\000a\000d\000a}{section.9.35}% 335
\BOOKMARK [2][-]{subsection.9.35.2}{\376\377\0009\000.\0003\0005\000.\0002\000\040\000D\000o\000c\000u\000m\000e\000n\000t\000a\000c\000i\000\363\000n\000\040\000d\000e\000\040\000\253\000d\000e\000f\000i\000n\000e\000\273}{section.9.35}% 336
\BOOKMARK [3][-]{subsubsection.9.35.2.1}{\376\377\0009\000.\0003\0005\000.\0002\000.\0001\000\040\000N\000U\000M\000\137\000R\000E\000G\000I\000S\000T\000E\000R\000S\000\137\000A\000V}{subsection.9.35.2}% 337
\BOOKMARK [2][-]{subsection.9.35.3}{\376\377\0009\000.\0003\0005\000.\0003\000\040\000D\000o\000c\000u\000m\000e\000n\000t\000a\000c\000i\000\363\000n\000\040\000d\000e\000\040\000\253\000t\000y\000p\000e\000d\000e\000f\000\273}{section.9.35}% 338
\BOOKMARK [3][-]{subsubsection.9.35.3.1}{\376\377\0009\000.\0003\0005\000.\0003\000.\0001\000\040\000r\000e\000g\000i\000s\000t\000e\000r\000\137\000s\000a\000v\000e\000d\000\137\000e}{subsection.9.35.3}% 339
\BOOKMARK [3][-]{subsubsection.9.35.3.2}{\376\377\0009\000.\0003\0005\000.\0003\000.\0002\000\040\000w\000i\000f\000i\000\137\000a\000p\000p\000\137\000m\000e\000s\000s\000a\000g\000e\000\137\000e}{subsection.9.35.3}% 340
\BOOKMARK [3][-]{subsubsection.9.35.3.3}{\376\377\0009\000.\0003\0005\000.\0003\000.\0003\000\040\000w\000i\000f\000i\000\137\000a\000p\000p\000\137\000q\000u\000e\000u\000e\000\137\000m\000e\000s\000s\000a\000g\000e\000\137\000t}{subsection.9.35.3}% 341
\BOOKMARK [3][-]{subsubsection.9.35.3.4}{\376\377\0009\000.\0003\0005\000.\0003\000.\0004\000\040\000w\000i\000f\000i\000\137\000c\000o\000n\000n\000e\000c\000t\000e\000d\000\137\000e\000v\000e\000n\000t\000\137\000c\000a\000l\000l\000b\000a\000c\000k\000\137\000t}{subsection.9.35.3}% 342
\BOOKMARK [2][-]{subsection.9.35.4}{\376\377\0009\000.\0003\0005\000.\0004\000\040\000D\000o\000c\000u\000m\000e\000n\000t\000a\000c\000i\000\363\000n\000\040\000d\000e\000\040\000e\000n\000u\000m\000e\000r\000a\000c\000i\000o\000n\000e\000s}{section.9.35}% 343
\BOOKMARK [3][-]{subsubsection.9.35.4.1}{\376\377\0009\000.\0003\0005\000.\0004\000.\0001\000\040\000w\000i\000f\000i\000\137\000a\000p\000p\000\137\000m\000e\000s\000s\000a\000g\000e}{subsection.9.35.4}% 344
\BOOKMARK [2][-]{subsection.9.35.5}{\376\377\0009\000.\0003\0005\000.\0005\000\040\000D\000o\000c\000u\000m\000e\000n\000t\000a\000c\000i\000\363\000n\000\040\000d\000e\000\040\000f\000u\000n\000c\000i\000o\000n\000e\000s}{section.9.35}% 345
\BOOKMARK [3][-]{subsubsection.9.35.5.1}{\376\377\0009\000.\0003\0005\000.\0005\000.\0001\000\040\000c\000h\000e\000c\000k\000\137\000s\000t\000a\000\137\000c\000o\000n\000n\000e\000c\000t\000i\000o\000n\000\137\000s\000t\000a\000t\000e\000\050\000\051}{subsection.9.35.5}% 346
\BOOKMARK [3][-]{subsubsection.9.35.5.2}{\376\377\0009\000.\0003\0005\000.\0005\000.\0002\000\040\000c\000o\000n\000n\000e\000c\000t\000\137\000t\000o\000\137\000w\000i\000f\000i\000\050\000\051}{subsection.9.35.5}% 347
\BOOKMARK [3][-]{subsubsection.9.35.5.3}{\376\377\0009\000.\0003\0005\000.\0005\000.\0003\000\040\000g\000e\000t\000\137\000s\000t\000a\000t\000e\000\137\000t\000i\000m\000e\000\137\000w\000a\000s\000\137\000s\000y\000n\000c\000h\000r\000o\000n\000i\000z\000e\000d\000\050\000\051}{subsection.9.35.5}% 348
\BOOKMARK [3][-]{subsubsection.9.35.5.4}{\376\377\0009\000.\0003\0005\000.\0005\000.\0004\000\040\000i\000n\000i\000t\000\137\000o\000b\000t\000a\000i\000n\000\137\000t\000i\000m\000e\000\050\000\051}{subsection.9.35.5}% 349
\BOOKMARK [3][-]{subsubsection.9.35.5.5}{\376\377\0009\000.\0003\0005\000.\0005\000.\0005\000\040\000i\000n\000i\000t\000i\000a\000l\000i\000z\000e\000\137\000r\000e\000g\000i\000s\000t\000e\000r\000s\000\050\000\051}{subsection.9.35.5}% 350
\BOOKMARK [3][-]{subsubsection.9.35.5.6}{\376\377\0009\000.\0003\0005\000.\0005\000.\0006\000\040\000l\000o\000a\000d\000\137\000w\000i\000f\000i\000\137\000c\000r\000e\000d\000e\000n\000t\000i\000a\000l\000s\000\050\000\051}{subsection.9.35.5}% 351
\BOOKMARK [3][-]{subsubsection.9.35.5.7}{\376\377\0009\000.\0003\0005\000.\0005\000.\0007\000\040\000o\000b\000t\000a\000i\000n\000\137\000t\000i\000m\000e\000\050\000\051}{subsection.9.35.5}% 352
\BOOKMARK [3][-]{subsubsection.9.35.5.8}{\376\377\0009\000.\0003\0005\000.\0005\000.\0008\000\040\000r\000e\000a\000d\000\137\000r\000e\000g\000\137\000d\000a\000t\000a\000\050\000\051}{subsection.9.35.5}% 353
\BOOKMARK [3][-]{subsubsection.9.35.5.9}{\376\377\0009\000.\0003\0005\000.\0005\000.\0009\000\040\000s\000a\000v\000e\000\137\000r\000e\000g\000\137\000d\000a\000t\000a\000\050\000\051}{subsection.9.35.5}% 354
\BOOKMARK [3][-]{subsubsection.9.35.5.10}{\376\377\0009\000.\0003\0005\000.\0005\000.\0001\0000\000\040\000s\000a\000v\000e\000\137\000w\000i\000f\000i\000\137\000c\000r\000e\000d\000e\000n\000t\000i\000a\000l\000s\000\050\000\051}{subsection.9.35.5}% 355
\BOOKMARK [3][-]{subsubsection.9.35.5.11}{\376\377\0009\000.\0003\0005\000.\0005\000.\0001\0001\000\040\000t\000a\000s\000k\000\137\000c\000o\000m\000p\000a\000r\000e\000\137\000h\000o\000u\000r\000\137\000t\000o\000\137\000e\000x\000e\000c\000u\000t\000e\000\137\000a\000c\000t\000i\000o\000n\000\050\000\051}{subsection.9.35.5}% 356
\BOOKMARK [3][-]{subsubsection.9.35.5.12}{\376\377\0009\000.\0003\0005\000.\0005\000.\0001\0002\000\040\000u\000p\000d\000a\000t\000e\000\137\000r\000e\000g\000i\000s\000t\000e\000r\000\050\000\051}{subsection.9.35.5}% 357
\BOOKMARK [3][-]{subsubsection.9.35.5.13}{\376\377\0009\000.\0003\0005\000.\0005\000.\0001\0003\000\040\000w\000i\000f\000i\000\137\000a\000p\000p\000\137\000c\000a\000l\000l\000\137\000c\000a\000l\000l\000b\000a\000c\000k\000\050\000\051}{subsection.9.35.5}% 358
\BOOKMARK [3][-]{subsubsection.9.35.5.14}{\376\377\0009\000.\0003\0005\000.\0005\000.\0001\0004\000\040\000w\000i\000f\000i\000\137\000a\000p\000p\000\137\000c\000o\000n\000n\000e\000c\000t\000\137\000s\000t\000a\000\050\000\051}{subsection.9.35.5}% 359
\BOOKMARK [3][-]{subsubsection.9.35.5.15}{\376\377\0009\000.\0003\0005\000.\0005\000.\0001\0005\000\040\000w\000i\000f\000i\000\137\000a\000p\000p\000\137\000g\000e\000t\000\137\000r\000s\000s\000i\000\050\000\051}{subsection.9.35.5}% 360
\BOOKMARK [3][-]{subsubsection.9.35.5.16}{\376\377\0009\000.\0003\0005\000.\0005\000.\0001\0006\000\040\000w\000i\000f\000i\000\137\000a\000p\000p\000\137\000g\000e\000t\000\137\000w\000i\000f\000i\000\137\000c\000o\000n\000f\000i\000g\000\050\000\051}{subsection.9.35.5}% 361
\BOOKMARK [3][-]{subsubsection.9.35.5.17}{\376\377\0009\000.\0003\0005\000.\0005\000.\0001\0007\000\040\000w\000i\000f\000i\000\137\000a\000p\000p\000\137\000s\000e\000n\000d\000\137\000m\000e\000s\000s\000a\000g\000e\000\050\000\051}{subsection.9.35.5}% 362
\BOOKMARK [3][-]{subsubsection.9.35.5.18}{\376\377\0009\000.\0003\0005\000.\0005\000.\0001\0008\000\040\000w\000i\000f\000i\000\137\000a\000p\000p\000\137\000s\000e\000t\000\137\000c\000a\000l\000l\000b\000a\000c\000k\000\050\000\051}{subsection.9.35.5}% 363
\BOOKMARK [3][-]{subsubsection.9.35.5.19}{\376\377\0009\000.\0003\0005\000.\0005\000.\0001\0009\000\040\000w\000i\000f\000i\000\137\000a\000p\000p\000\137\000s\000t\000a\000r\000t\000\050\000\051}{subsection.9.35.5}% 364
\BOOKMARK [2][-]{subsection.9.35.6}{\376\377\0009\000.\0003\0005\000.\0006\000\040\000D\000o\000c\000u\000m\000e\000n\000t\000a\000c\000i\000\363\000n\000\040\000d\000e\000\040\000v\000a\000r\000i\000a\000b\000l\000e\000s}{section.9.35}% 365
\BOOKMARK [3][-]{subsubsection.9.35.6.1}{\376\377\0009\000.\0003\0005\000.\0006\000.\0001\000\040\000e\000s\000p\000\137\000n\000e\000t\000i\000f\000\137\000a\000p}{subsection.9.35.6}% 366
\BOOKMARK [3][-]{subsubsection.9.35.6.2}{\376\377\0009\000.\0003\0005\000.\0006\000.\0002\000\040\000e\000s\000p\000\137\000n\000e\000t\000i\000f\000\137\000s\000t\000a}{subsection.9.35.6}% 367
\BOOKMARK [1][-]{section.9.36}{\376\377\0009\000.\0003\0006\000\040\000w\000i\000f\000i\000\137\000a\000p\000p\000.\000h}{chapter.9}% 368
\BOOKMARK [1][-]{section.9.37}{\376\377\0009\000.\0003\0007\000\040\000R\000e\000f\000e\000r\000e\000n\000c\000i\000a\000\040\000d\000e\000l\000\040\000a\000r\000c\000h\000i\000v\000o\000\040\000C\000:\000/\000U\000s\000e\000r\000s\000/\000l\000g\000a\000m\000b\000/\000D\000o\000c\000u\000m\000e\000n\000t\000s\000/\000U\000n\000i\000/\000R\000T\000O\000S\000/\000R\000e\000p\000o\000s\000i\000t\000o\000r\000i\000o\000/\000R\000T\000O\000S\000\137\000R\000e\000p\000o\000\137\000L\000i\000m\000p\000i\000o\000/\000P\000r\000o\000y\000e\000c\000t\000o\000\137\000f\000i\000n\000a\000l\000\137\000T\000I\000T\000I\000/\000c\000u\000n\000a\000/\000R\000E\000A\000D\000M\000E\000.\000m\000d}{chapter.9}% 369
